Archive member included to satisfy reference by file (symbol)

c:/st/stm32cubeide_1.6.0/stm32cubeide/plugins/com.st.stm32cube.ide.mcu.externaltools.gnu-tools-for-stm32.9-2020-q2-update.win32_1.5.0.202011040924/tools/bin/../lib/gcc/arm-none-eabi/9.3.1/../../../../arm-none-eabi/lib/thumb/v7e-m+fp/hard\libc_nano.a(lib_a-errno.o)
                              Core/Src/syscalls.o (__errno)
c:/st/stm32cubeide_1.6.0/stm32cubeide/plugins/com.st.stm32cube.ide.mcu.externaltools.gnu-tools-for-stm32.9-2020-q2-update.win32_1.5.0.202011040924/tools/bin/../lib/gcc/arm-none-eabi/9.3.1/../../../../arm-none-eabi/lib/thumb/v7e-m+fp/hard\libc_nano.a(lib_a-exit.o)
                              c:/st/stm32cubeide_1.6.0/stm32cubeide/plugins/com.st.stm32cube.ide.mcu.externaltools.gnu-tools-for-stm32.9-2020-q2-update.win32_1.5.0.202011040924/tools/bin/../lib/gcc/arm-none-eabi/9.3.1/../../../../arm-none-eabi/lib/thumb/v7e-m+fp/hard/crt0.o (exit)
c:/st/stm32cubeide_1.6.0/stm32cubeide/plugins/com.st.stm32cube.ide.mcu.externaltools.gnu-tools-for-stm32.9-2020-q2-update.win32_1.5.0.202011040924/tools/bin/../lib/gcc/arm-none-eabi/9.3.1/../../../../arm-none-eabi/lib/thumb/v7e-m+fp/hard\libc_nano.a(lib_a-impure.o)
                              c:/st/stm32cubeide_1.6.0/stm32cubeide/plugins/com.st.stm32cube.ide.mcu.externaltools.gnu-tools-for-stm32.9-2020-q2-update.win32_1.5.0.202011040924/tools/bin/../lib/gcc/arm-none-eabi/9.3.1/../../../../arm-none-eabi/lib/thumb/v7e-m+fp/hard\libc_nano.a(lib_a-exit.o) (_global_impure_ptr)
c:/st/stm32cubeide_1.6.0/stm32cubeide/plugins/com.st.stm32cube.ide.mcu.externaltools.gnu-tools-for-stm32.9-2020-q2-update.win32_1.5.0.202011040924/tools/bin/../lib/gcc/arm-none-eabi/9.3.1/../../../../arm-none-eabi/lib/thumb/v7e-m+fp/hard\libc_nano.a(lib_a-init.o)
                              c:/st/stm32cubeide_1.6.0/stm32cubeide/plugins/com.st.stm32cube.ide.mcu.externaltools.gnu-tools-for-stm32.9-2020-q2-update.win32_1.5.0.202011040924/tools/bin/../lib/gcc/arm-none-eabi/9.3.1/../../../../arm-none-eabi/lib/thumb/v7e-m+fp/hard/crt0.o (__libc_init_array)
c:/st/stm32cubeide_1.6.0/stm32cubeide/plugins/com.st.stm32cube.ide.mcu.externaltools.gnu-tools-for-stm32.9-2020-q2-update.win32_1.5.0.202011040924/tools/bin/../lib/gcc/arm-none-eabi/9.3.1/../../../../arm-none-eabi/lib/thumb/v7e-m+fp/hard\libc_nano.a(lib_a-memset.o)
                              c:/st/stm32cubeide_1.6.0/stm32cubeide/plugins/com.st.stm32cube.ide.mcu.externaltools.gnu-tools-for-stm32.9-2020-q2-update.win32_1.5.0.202011040924/tools/bin/../lib/gcc/arm-none-eabi/9.3.1/../../../../arm-none-eabi/lib/thumb/v7e-m+fp/hard/crt0.o (memset)
c:/st/stm32cubeide_1.6.0/stm32cubeide/plugins/com.st.stm32cube.ide.mcu.externaltools.gnu-tools-for-stm32.9-2020-q2-update.win32_1.5.0.202011040924/tools/bin/../lib/gcc/arm-none-eabi/9.3.1/../../../../arm-none-eabi/lib/thumb/v7e-m+fp/hard\libc_nano.a(lib_a-sprintf.o)
                              Core/Src/main.o (sprintf)
c:/st/stm32cubeide_1.6.0/stm32cubeide/plugins/com.st.stm32cube.ide.mcu.externaltools.gnu-tools-for-stm32.9-2020-q2-update.win32_1.5.0.202011040924/tools/bin/../lib/gcc/arm-none-eabi/9.3.1/../../../../arm-none-eabi/lib/thumb/v7e-m+fp/hard\libc_nano.a(lib_a-nano-svfprintf.o)
                              c:/st/stm32cubeide_1.6.0/stm32cubeide/plugins/com.st.stm32cube.ide.mcu.externaltools.gnu-tools-for-stm32.9-2020-q2-update.win32_1.5.0.202011040924/tools/bin/../lib/gcc/arm-none-eabi/9.3.1/../../../../arm-none-eabi/lib/thumb/v7e-m+fp/hard\libc_nano.a(lib_a-sprintf.o) (_svfprintf_r)
c:/st/stm32cubeide_1.6.0/stm32cubeide/plugins/com.st.stm32cube.ide.mcu.externaltools.gnu-tools-for-stm32.9-2020-q2-update.win32_1.5.0.202011040924/tools/bin/../lib/gcc/arm-none-eabi/9.3.1/../../../../arm-none-eabi/lib/thumb/v7e-m+fp/hard\libc_nano.a(lib_a-nano-vfprintf_i.o)
                              c:/st/stm32cubeide_1.6.0/stm32cubeide/plugins/com.st.stm32cube.ide.mcu.externaltools.gnu-tools-for-stm32.9-2020-q2-update.win32_1.5.0.202011040924/tools/bin/../lib/gcc/arm-none-eabi/9.3.1/../../../../arm-none-eabi/lib/thumb/v7e-m+fp/hard\libc_nano.a(lib_a-nano-svfprintf.o) (_printf_i)
c:/st/stm32cubeide_1.6.0/stm32cubeide/plugins/com.st.stm32cube.ide.mcu.externaltools.gnu-tools-for-stm32.9-2020-q2-update.win32_1.5.0.202011040924/tools/bin/../lib/gcc/arm-none-eabi/9.3.1/../../../../arm-none-eabi/lib/thumb/v7e-m+fp/hard\libc_nano.a(lib_a-memchr.o)
                              c:/st/stm32cubeide_1.6.0/stm32cubeide/plugins/com.st.stm32cube.ide.mcu.externaltools.gnu-tools-for-stm32.9-2020-q2-update.win32_1.5.0.202011040924/tools/bin/../lib/gcc/arm-none-eabi/9.3.1/../../../../arm-none-eabi/lib/thumb/v7e-m+fp/hard\libc_nano.a(lib_a-nano-svfprintf.o) (memchr)
c:/st/stm32cubeide_1.6.0/stm32cubeide/plugins/com.st.stm32cube.ide.mcu.externaltools.gnu-tools-for-stm32.9-2020-q2-update.win32_1.5.0.202011040924/tools/bin/../lib/gcc/arm-none-eabi/9.3.1/../../../../arm-none-eabi/lib/thumb/v7e-m+fp/hard\libc_nano.a(lib_a-memcpy-stub.o)
[...]
Memory Configuration

Name             Origin             Length             Attributes
RAM              0x0000000020000000 0x0000000000050000 xrw
FLASH            0x0000000008000000 0x0000000000100000 xr
*default*        0x0000000000000000 0xffffffffffffffff

Linker script and memory map

LOAD c:/st/stm32cubeide_1.6.0/stm32cubeide/plugins/com.st.stm32cube.ide.mcu.externaltools.gnu-tools-for-stm32.9-2020-q2-update.win32_1.5.0.202011040924/tools/bin/../lib/gcc/arm-none-eabi/9.3.1/thumb/v7e-m+fp/hard/crti.o
LOAD c:/st/stm32cubeide_1.6.0/stm32cubeide/plugins/com.st.stm32cube.ide.mcu.externaltools.gnu-tools-for-stm32.9-2020-q2-update.win32_1.5.0.202011040924/tools/bin/../lib/gcc/arm-none-eabi/9.3.1/thumb/v7e-m+fp/hard/crtbegin.o
LOAD c:/st/stm32cubeide_1.6.0/stm32cubeide/plugins/com.st.stm32cube.ide.mcu.externaltools.gnu-tools-for-stm32.9-2020-q2-update.win32_1.5.0.202011040924/tools/bin/../lib/gcc/arm-none-eabi/9.3.1/../../../../arm-none-eabi/lib/thumb/v7e-m+fp/hard/crt0.o
LOAD Core/Src/main.o
LOAD Core/Src/stm32f7xx_hal_msp.o
LOAD Core/Src/stm32f7xx_it.o
LOAD Core/Src/syscalls.o
LOAD Core/Src/sysmem.o
LOAD Core/Src/system_stm32f7xx.o
LOAD Core/Startup/startup_stm32f746bgtx.o
LOAD Drivers/STM32F7xx_HAL_Driver/Src/stm32f7xx_hal.o
LOAD Drivers/STM32F7xx_HAL_Driver/Src/stm32f7xx_hal_cortex.o
LOAD Drivers/STM32F7xx_HAL_Driver/Src/stm32f7xx_hal_crc.o
LOAD Drivers/STM32F7xx_HAL_Driver/Src/stm32f7xx_hal_crc_ex.o
LOAD Drivers/STM32F7xx_HAL_Driver/Src/stm32f7xx_hal_dma.o
LOAD Drivers/STM32F7xx_HAL_Driver/Src/stm32f7xx_hal_dma2d.o
LOAD Drivers/STM32F7xx_HAL_Driver/Src/stm32f7xx_hal_dma_ex.o
LOAD Drivers/STM32F7xx_HAL_Driver/Src/stm32f7xx_hal_exti.o
LOAD Drivers/STM32F7xx_HAL_Driver/Src/stm32f7xx_hal_flash.o
LOAD Drivers/STM32F7xx_HAL_Driver/Src/stm32f7xx_hal_flash_ex.o
LOAD Drivers/STM32F7xx_HAL_Driver/Src/stm32f7xx_hal_gpio.o
LOAD Drivers/STM32F7xx_HAL_Driver/Src/stm32f7xx_hal_i2c.o
LOAD Drivers/STM32F7xx_HAL_Driver/Src/stm32f7xx_hal_i2c_ex.o
LOAD Drivers/STM32F7xx_HAL_Driver/Src/stm32f7xx_hal_ltdc.o
LOAD Drivers/STM32F7xx_HAL_Driver/Src/stm32f7xx_hal_ltdc_ex.o
LOAD Drivers/STM32F7xx_HAL_Driver/Src/stm32f7xx_hal_pwr.o
LOAD Drivers/STM32F7xx_HAL_Driver/Src/stm32f7xx_hal_pwr_ex.o
LOAD Drivers/STM32F7xx_HAL_Driver/Src/stm32f7xx_hal_rcc.o
LOAD Drivers/STM32F7xx_HAL_Driver/Src/stm32f7xx_hal_rcc_ex.o
LOAD Drivers/STM32F7xx_HAL_Driver/Src/stm32f7xx_hal_sdram.o
LOAD Drivers/STM32F7xx_HAL_Driver/Src/stm32f7xx_hal_tim.o
LOAD Drivers/STM32F7xx_HAL_Driver/Src/stm32f7xx_hal_tim_ex.o
LOAD Drivers/STM32F7xx_HAL_Driver/Src/stm32f7xx_hal_uart.o
LOAD Drivers/STM32F7xx_HAL_Driver/Src/stm32f7xx_ll_fmc.o
LOAD GUI files/font12.o
LOAD GUI files/font16.o
LOAD GUI files/font20.o
LOAD GUI files/font24.o
LOAD GUI files/font8.o
LOAD GUI files/ft5336.o
LOAD GUI files/stm32746g_discovery.o
LOAD GUI files/stm32746g_discovery_lcd.o
LOAD GUI files/stm32746g_discovery_sdram.o
LOAD GUI files/stm32746g_discovery_ts.o
START GROUP
LOAD c:/st/stm32cubeide_1.6.0/stm32cubeide/plugins/com.st.stm32cube.ide.mcu.externaltools.gnu-tools-for-stm32.9-2020-q2-update.win32_1.5.0.202011040924/tools/bin/../lib/gcc/arm-none-eabi/9.3.1/../../../../arm-none-eabi/lib/thumb/v7e-m+fp/hard\libc_nano.a
LOAD c:/st/stm32cubeide_1.6.0/stm32cubeide/plugins/com.st.stm32cube.ide.mcu.externaltools.gnu-tools-for-stm32.9-2020-q2-update.win32_1.5.0.202011040924/tools/bin/../lib/gcc/arm-none-eabi/9.3.1/../../../../arm-none-eabi/lib/thumb/v7e-m+fp/hard\libm.a
END GROUP
START GROUP
LOAD c:/st/stm32cubeide_1.6.0/stm32cubeide/plugins/com.st.stm32cube.ide.mcu.externaltools.gnu-tools-for-stm32.9-2020-q2-update.win32_1.5.0.202011040924/tools/bin/../lib/gcc/arm-none-eabi/9.3.1/thumb/v7e-m+fp/hard\libgcc.a
LOAD c:/st/stm32cubeide_1.6.0/stm32cubeide/plugins/com.st.stm32cube.ide.mcu.externaltools.gnu-tools-for-stm32.9-2020-q2-update.win32_1.5.0.202011040924/tools/bin/../lib/gcc/arm-none-eabi/9.3.1/../../../../arm-none-eabi/lib/thumb/v7e-m+fp/hard\libc_nano.a
END GROUP
START GROUP
LOAD c:/st/stm32cubeide_1.6.0/stm32cubeide/plugins/com.st.stm32cube.ide.mcu.externaltools.gnu-tools-for-stm32.9-2020-q2-update.win32_1.5.0.202011040924/tools/bin/../lib/gcc/arm-none-eabi/9.3.1/thumb/v7e-m+fp/hard\libgcc.a
LOAD c:/st/stm32cubeide_1.6.0/stm32cubeide/plugins/com.st.stm32cube.ide.mcu.externaltools.gnu-tools-for-stm32.9-2020-q2-update.win32_1.5.0.202011040924/tools/bin/../lib/gcc/arm-none-eabi/9.3.1/../../../../arm-none-eabi/lib/thumb/v7e-m+fp/hard\libc_nano.a
LOAD c:/st/stm32cubeide_1.6.0/stm32cubeide/plugins/com.st.stm32cube.ide.mcu.externaltools.gnu-tools-for-stm32.9-2020-q2-update.win32_1.5.0.202011040924/tools/bin/../lib/gcc/arm-none-eabi/9.3.1/../../../../arm-none-eabi/lib/thumb/v7e-m+fp/hard\libnosys.a
END GROUP
START GROUP
LOAD c:/st/stm32cubeide_1.6.0/stm32cubeide/plugins/com.st.stm32cube.ide.mcu.externaltools.gnu-tools-for-stm32.9-2020-q2-update.win32_1.5.0.202011040924/tools/bin/../lib/gcc/arm-none-eabi/9.3.1/thumb/v7e-m+fp/hard\libgcc.a
LOAD c:/st/stm32cubeide_1.6.0/stm32cubeide/plugins/com.st.stm32cube.ide.mcu.externaltools.gnu-tools-for-stm32.9-2020-q2-update.win32_1.5.0.202011040924/tools/bin/../lib/gcc/arm-none-eabi/9.3.1/../../../../arm-none-eabi/lib/thumb/v7e-m+fp/hard\libc_nano.a
LOAD c:/st/stm32cubeide_1.6.0/stm32cubeide/plugins/com.st.stm32cube.ide.mcu.externaltools.gnu-tools-for-stm32.9-2020-q2-update.win32_1.5.0.202011040924/tools/bin/../lib/gcc/arm-none-eabi/9.3.1/../../../../arm-none-eabi/lib/thumb/v7e-m+fp/hard\libnosys.a
END GROUP
LOAD c:/st/stm32cubeide_1.6.0/stm32cubeide/plugins/com.st.stm32cube.ide.mcu.externaltools.gnu-tools-for-stm32.9-2020-q2-update.win32_1.5.0.202011040924/tools/bin/../lib/gcc/arm-none-eabi/9.3.1/thumb/v7e-m+fp/hard/crtend.o
LOAD c:/st/stm32cubeide_1.6.0/stm32cubeide/plugins/com.st.stm32cube.ide.mcu.externaltools.gnu-tools-for-stm32.9-2020-q2-update.win32_1.5.0.202011040924/tools/bin/../lib/gcc/arm-none-eabi/9.3.1/thumb/v7e-m+fp/hard/crtn.o
                0x0000000020050000                _estack = (ORIGIN (RAM) + LENGTH (RAM))
                0x0000000000000200                _Min_Heap_Size = 0x200
                0x0000000000000400                _Min_Stack_Size = 0x400

.isr_vector     0x0000000008000000      0x1c8
                0x0000000008000000                . = ALIGN (0x4)
 *(.isr_vector)
 .isr_vector    0x0000000008000000      0x1c8 Core/Startup/startup_stm32f746bgtx.o
                0x0000000008000000                g_pfnVectors
                0x00000000080001c8                . = ALIGN (0x4)

.text           0x00000000080001d0     0x64b4
                0x00000000080001d0                . = ALIGN (0x4)
 *(.text)
 .text          0x00000000080001d0       0x40 c:/st/stm32cubeide_1.6.0/stm32cubeide/plugins/com.st.stm32cube.ide.mcu.externaltools.gnu-tools-for-stm32.9-2020-q2-update.win32_1.5.0.202011040924/tools/bin/../lib/gcc/arm-none-eabi/9.3.1/thumb/v7e-m+fp/hard/crtbegin.o
 .text          0x0000000008000210       0xa0 c:/st/stm32cubeide_1.6.0/stm32cubeide/plugins/com.st.stm32cube.ide.mcu.externaltools.gnu-tools-for-stm32.9-2020-q2-update.win32_1.5.0.202011040924/tools/bin/../lib/gcc/arm-none-eabi/9.3.1/../../../../arm-none-eabi/lib/thumb/v7e-m+fp/hard\libc_nano.a(lib_a-memchr.o)
                0x0000000008000210                memchr
 .text          0x00000000080002b0       0x30 c:/st/stm32cubeide_1.6.0/stm32cubeide/plugins/com.st.stm32cube.ide.mcu.externaltools.gnu-tools-for-stm32.9-2020-q2-update.win32_1.5.0.202011040924/tools/bin/../lib/gcc/arm-none-eabi/9.3.1/thumb/v7e-m+fp/hard\libgcc.a(_aeabi_uldivmod.o)
                0x00000000080002b0                __aeabi_uldivmod
 .text          0x00000000080002e0      0x2c4 c:/st/stm32cubeide_1.6.0/stm32cubeide/plugins/com.st.stm32cube.ide.mcu.externaltools.gnu-tools-for-stm32.9-2020-q2-update.win32_1.5.0.202011040924/tools/bin/../lib/gcc/arm-none-eabi/9.3.1/thumb/v7e-m+fp/hard\libgcc.a(_udivmoddi4.o)
                0x00000000080002e0                __udivmoddi4
 .text          0x00000000080005a4        0x4 c:/st/stm32cubeide_1.6.0/stm32cubeide/plugins/com.st.stm32cube.ide.mcu.externaltools.gnu-tools-for-stm32.9-2020-q2-update.win32_1.5.0.202011040924/tools/bin/../lib/gcc/arm-none-eabi/9.3.1/thumb/v7e-m+fp/hard\libgcc.a(_dvmd_tls.o)
                0x00000000080005a4                __aeabi_idiv0
                0x00000000080005a4                __aeabi_ldiv0
 *(.text*)
 .text.SCB_EnableICache
                0x00000000080005a8       0x4c Core/Src/main.o
 .text.SCB_EnableDCache
                0x00000000080005f4       0x88 Core/Src/main.o
 .text.LTDC_IRQHandler
                0x000000000800067c       0x14 Core/Src/main.o
                0x000000000800067c                LTDC_IRQHandler
 .text.main     0x0000000008000690       0xe0 Core/Src/main.o
                0x0000000008000690                main
 .text.SystemClock_Config
                0x0000000008000770       0xd8 Core/Src/main.o
                0x0000000008000770                SystemClock_Config
 .text.MX_CRC_Init
                0x0000000008000848       0x44 Core/Src/main.o
 .text.MX_DMA2D_Init
                0x000000000800088c       0x64 Core/Src/main.o
 .text.MX_GPIO_Init
                0x00000000080008f0       0x7c Core/Src/main.o
 .text.Error_Handler
                0x000000000800096c        0xa Core/Src/main.o
                0x000000000800096c                Error_Handler
 *fill*         0x0000000008000976        0x2 
 .text.HAL_MspInit
                0x0000000008000978       0x48 Core/Src/stm32f7xx_hal_msp.o
                0x0000000008000978                HAL_MspInit
 .text.HAL_CRC_MspInit
                0x00000000080009c0       0x40 Core/Src/stm32f7xx_hal_msp.o
                0x00000000080009c0                HAL_CRC_MspInit
 .text.HAL_DMA2D_MspInit
                0x0000000008000a00       0x40 Core/Src/stm32f7xx_hal_msp.o
                0x0000000008000a00                HAL_DMA2D_MspInit
 .text.NMI_Handler
                0x0000000008000a40        0x6 Core/Src/stm32f7xx_it.o
                0x0000000008000a40                NMI_Handler
 .text.HardFault_Handler
                0x0000000008000a46        0x6 Core/Src/stm32f7xx_it.o
                0x0000000008000a46                HardFault_Handler
 .text.MemManage_Handler
                0x0000000008000a4c        0x6 Core/Src/stm32f7xx_it.o
                0x0000000008000a4c                MemManage_Handler
 .text.BusFault_Handler
                0x0000000008000a52        0x6 Core/Src/stm32f7xx_it.o
                0x0000000008000a52                BusFault_Handler
 .text.UsageFault_Handler
                0x0000000008000a58        0x6 Core/Src/stm32f7xx_it.o
                0x0000000008000a58                UsageFault_Handler
 .text.SVC_Handler
                0x0000000008000a5e        0xe Core/Src/stm32f7xx_it.o
                0x0000000008000a5e                SVC_Handler
 .text.DebugMon_Handler
                0x0000000008000a6c        0xe Core/Src/stm32f7xx_it.o
                0x0000000008000a6c                DebugMon_Handler
 .text.PendSV_Handler
                0x0000000008000a7a        0xe Core/Src/stm32f7xx_it.o
                0x0000000008000a7a                PendSV_Handler
 .text.SysTick_Handler
                0x0000000008000a88        0xc Core/Src/stm32f7xx_it.o
                0x0000000008000a88                SysTick_Handler
 .text._sbrk    0x0000000008000a94       0x6c Core/Src/sysmem.o
                0x0000000008000a94                _sbrk
 .text.SystemInit
                0x0000000008000b00       0x24 Core/Src/system_stm32f7xx.o
                0x0000000008000b00                SystemInit
 .text.Reset_Handler
                0x0000000008000b24       0x50 Core/Startup/startup_stm32f746bgtx.o
                0x0000000008000b24                Reset_Handler
 .text.Default_Handler
                0x0000000008000b74        0x2 Core/Startup/startup_stm32f746bgtx.o
                0x0000000008000b74                RTC_Alarm_IRQHandler
                0x0000000008000b74                EXTI2_IRQHandler
                0x0000000008000b74                TIM8_CC_IRQHandler
                0x0000000008000b74                UART8_IRQHandler
                0x0000000008000b74                SPI4_IRQHandler
                0x0000000008000b74                TIM1_CC_IRQHandler
                0x0000000008000b74                DMA2_Stream5_IRQHandler
                0x0000000008000b74                DMA1_Stream5_IRQHandler
                0x0000000008000b74                PVD_IRQHandler
                0x0000000008000b74                TAMP_STAMP_IRQHandler
                0x0000000008000b74                CAN2_RX1_IRQHandler
                0x0000000008000b74                EXTI3_IRQHandler
                0x0000000008000b74                TIM8_TRG_COM_TIM14_IRQHandler
                0x0000000008000b74                TIM1_UP_TIM10_IRQHandler
                0x0000000008000b74                TIM8_UP_TIM13_IRQHandler
                0x0000000008000b74                I2C3_ER_IRQHandler
                0x0000000008000b74                EXTI0_IRQHandler
                0x0000000008000b74                I2C2_EV_IRQHandler
                0x0000000008000b74                DMA1_Stream2_IRQHandler
                0x0000000008000b74                CAN1_RX0_IRQHandler
                0x0000000008000b74                FPU_IRQHandler
                0x0000000008000b74                OTG_HS_WKUP_IRQHandler
                0x0000000008000b74                LTDC_ER_IRQHandler
                0x0000000008000b74                CAN2_SCE_IRQHandler
                0x0000000008000b74                DMA2_Stream2_IRQHandler
                0x0000000008000b74                SPI1_IRQHandler
                0x0000000008000b74                TIM6_DAC_IRQHandler
                0x0000000008000b74                TIM1_BRK_TIM9_IRQHandler
                0x0000000008000b74                DCMI_IRQHandler
                0x0000000008000b74                CAN2_RX0_IRQHandler
                0x0000000008000b74                DMA2_Stream3_IRQHandler
                0x0000000008000b74                SAI2_IRQHandler
                0x0000000008000b74                USART6_IRQHandler
                0x0000000008000b74                USART3_IRQHandler
                0x0000000008000b74                CAN1_RX1_IRQHandler
                0x0000000008000b74                UART5_IRQHandler
                0x0000000008000b74                DMA2_Stream0_IRQHandler
                0x0000000008000b74                TIM4_IRQHandler
                0x0000000008000b74                QUADSPI_IRQHandler
                0x0000000008000b74                I2C1_EV_IRQHandler
                0x0000000008000b74                DMA1_Stream6_IRQHandler
                0x0000000008000b74                DMA1_Stream1_IRQHandler
                0x0000000008000b74                UART4_IRQHandler
                0x0000000008000b74                TIM3_IRQHandler
                0x0000000008000b74                RCC_IRQHandler
                0x0000000008000b74                TIM8_BRK_TIM12_IRQHandler
                0x0000000008000b74                Default_Handler
                0x0000000008000b74                CEC_IRQHandler
                0x0000000008000b74                EXTI15_10_IRQHandler
                0x0000000008000b74                ADC_IRQHandler
                0x0000000008000b74                DMA1_Stream7_IRQHandler
                0x0000000008000b74                SPI5_IRQHandler
                0x0000000008000b74                TIM7_IRQHandler
                0x0000000008000b74                SDMMC1_IRQHandler
                0x0000000008000b74                CAN2_TX_IRQHandler
                0x0000000008000b74                TIM5_IRQHandler
                0x0000000008000b74                DMA2_Stream7_IRQHandler
                0x0000000008000b74                I2C3_EV_IRQHandler
                0x0000000008000b74                EXTI9_5_IRQHandler
                0x0000000008000b74                RTC_WKUP_IRQHandler
                0x0000000008000b74                ETH_WKUP_IRQHandler
                0x0000000008000b74                SPDIF_RX_IRQHandler
                0x0000000008000b74                SPI2_IRQHandler
                0x0000000008000b74                OTG_HS_EP1_IN_IRQHandler
                0x0000000008000b74                DMA1_Stream0_IRQHandler
                0x0000000008000b74                CAN1_TX_IRQHandler
                0x0000000008000b74                EXTI4_IRQHandler
                0x0000000008000b74                RNG_IRQHandler
                0x0000000008000b74                ETH_IRQHandler
                0x0000000008000b74                OTG_HS_EP1_OUT_IRQHandler
                0x0000000008000b74                WWDG_IRQHandler
                0x0000000008000b74                SPI6_IRQHandler
                0x0000000008000b74                I2C4_EV_IRQHandler
                0x0000000008000b74                TIM2_IRQHandler
                0x0000000008000b74                OTG_FS_WKUP_IRQHandler
                0x0000000008000b74                TIM1_TRG_COM_TIM11_IRQHandler
                0x0000000008000b74                OTG_HS_IRQHandler
                0x0000000008000b74                DMA2D_IRQHandler
                0x0000000008000b74                EXTI1_IRQHandler
                0x0000000008000b74                UART7_IRQHandler
                0x0000000008000b74                USART2_IRQHandler
                0x0000000008000b74                I2C2_ER_IRQHandler
                0x0000000008000b74                DMA2_Stream1_IRQHandler
                0x0000000008000b74                CAN1_SCE_IRQHandler
                0x0000000008000b74                FLASH_IRQHandler
                0x0000000008000b74                DMA2_Stream4_IRQHandler
                0x0000000008000b74                USART1_IRQHandler
                0x0000000008000b74                OTG_FS_IRQHandler
                0x0000000008000b74                SPI3_IRQHandler
                0x0000000008000b74                DMA1_Stream4_IRQHandler
                0x0000000008000b74                I2C1_ER_IRQHandler
                0x0000000008000b74                FMC_IRQHandler
                0x0000000008000b74                LPTIM1_IRQHandler
                0x0000000008000b74                I2C4_ER_IRQHandler
                0x0000000008000b74                DMA2_Stream6_IRQHandler
                0x0000000008000b74                SAI1_IRQHandler
                0x0000000008000b74                DMA1_Stream3_IRQHandler
 .text.HAL_Init
                0x0000000008000b76       0x1a Drivers/STM32F7xx_HAL_Driver/Src/stm32f7xx_hal.o
                0x0000000008000b76                HAL_Init
 .text.HAL_InitTick
                0x0000000008000b90       0x60 Drivers/STM32F7xx_HAL_Driver/Src/stm32f7xx_hal.o
                0x0000000008000b90                HAL_InitTick
 .text.HAL_IncTick
                0x0000000008000bf0       0x28 Drivers/STM32F7xx_HAL_Driver/Src/stm32f7xx_hal.o
                0x0000000008000bf0                HAL_IncTick
 .text.HAL_GetTick
                0x0000000008000c18       0x18 Drivers/STM32F7xx_HAL_Driver/Src/stm32f7xx_hal.o
                0x0000000008000c18                HAL_GetTick
 .text.HAL_Delay
                0x0000000008000c30       0x48 Drivers/STM32F7xx_HAL_Driver/Src/stm32f7xx_hal.o
                0x0000000008000c30                HAL_Delay
 .text.__NVIC_SetPriorityGrouping
                0x0000000008000c78       0x48 Drivers/STM32F7xx_HAL_Driver/Src/stm32f7xx_hal_cortex.o
 .text.__NVIC_GetPriorityGrouping
                0x0000000008000cc0       0x1c Drivers/STM32F7xx_HAL_Driver/Src/stm32f7xx_hal_cortex.o
 .text.__NVIC_EnableIRQ
                0x0000000008000cdc       0x3c Drivers/STM32F7xx_HAL_Driver/Src/stm32f7xx_hal_cortex.o
 .text.__NVIC_SetPriority
                0x0000000008000d18       0x54 Drivers/STM32F7xx_HAL_Driver/Src/stm32f7xx_hal_cortex.o
 .text.NVIC_EncodePriority
                0x0000000008000d6c       0x66 Drivers/STM32F7xx_HAL_Driver/Src/stm32f7xx_hal_cortex.o
 *fill*         0x0000000008000dd2        0x2 
 .text.SysTick_Config
                0x0000000008000dd4       0x44 Drivers/STM32F7xx_HAL_Driver/Src/stm32f7xx_hal_cortex.o
 .text.HAL_NVIC_SetPriorityGrouping
                0x0000000008000e18       0x16 Drivers/STM32F7xx_HAL_Driver/Src/stm32f7xx_hal_cortex.o
                0x0000000008000e18                HAL_NVIC_SetPriorityGrouping
 .text.HAL_NVIC_SetPriority
                0x0000000008000e2e       0x38 Drivers/STM32F7xx_HAL_Driver/Src/stm32f7xx_hal_cortex.o
                0x0000000008000e2e                HAL_NVIC_SetPriority
 .text.HAL_NVIC_EnableIRQ
                0x0000000008000e66       0x1c Drivers/STM32F7xx_HAL_Driver/Src/stm32f7xx_hal_cortex.o
                0x0000000008000e66                HAL_NVIC_EnableIRQ
 .text.HAL_SYSTICK_Config
                0x0000000008000e82       0x18 Drivers/STM32F7xx_HAL_Driver/Src/stm32f7xx_hal_cortex.o
                0x0000000008000e82                HAL_SYSTICK_Config
 *fill*         0x0000000008000e9a        0x2 
 .text.HAL_CRC_Init
                0x0000000008000e9c       0xc8 Drivers/STM32F7xx_HAL_Driver/Src/stm32f7xx_hal_crc.o
                0x0000000008000e9c                HAL_CRC_Init
 .text.HAL_CRCEx_Polynomial_Set
                0x0000000008000f64      0x10c Drivers/STM32F7xx_HAL_Driver/Src/stm32f7xx_hal_crc_ex.o
                0x0000000008000f64                HAL_CRCEx_Polynomial_Set
 .text.HAL_DMA_Init
                0x0000000008001070      0x15c Drivers/STM32F7xx_HAL_Driver/Src/stm32f7xx_hal_dma.o
                0x0000000008001070                HAL_DMA_Init
 .text.HAL_DMA_DeInit
                0x00000000080011cc       0xbc Drivers/STM32F7xx_HAL_Driver/Src/stm32f7xx_hal_dma.o
                0x00000000080011cc                HAL_DMA_DeInit
 .text.DMA_CalcBaseAndBitshift
                0x0000000008001288       0x6c Drivers/STM32F7xx_HAL_Driver/Src/stm32f7xx_hal_dma.o
 .text.DMA_CheckFifoParam
                0x00000000080012f4       0xf8 Drivers/STM32F7xx_HAL_Driver/Src/stm32f7xx_hal_dma.o
 .text.HAL_DMA2D_Init
                0x00000000080013ec       0x94 Drivers/STM32F7xx_HAL_Driver/Src/stm32f7xx_hal_dma2d.o
                0x00000000080013ec                HAL_DMA2D_Init
 .text.HAL_DMA2D_Start
                0x0000000008001480       0x56 Drivers/STM32F7xx_HAL_Driver/Src/stm32f7xx_hal_dma2d.o
                0x0000000008001480                HAL_DMA2D_Start
 .text.HAL_DMA2D_PollForTransfer
                0x00000000080014d6      0x1d2 Drivers/STM32F7xx_HAL_Driver/Src/stm32f7xx_hal_dma2d.o
                0x00000000080014d6                HAL_DMA2D_PollForTransfer
 .text.HAL_DMA2D_ConfigLayer
                0x00000000080016a8      0x124 Drivers/STM32F7xx_HAL_Driver/Src/stm32f7xx_hal_dma2d.o
                0x00000000080016a8                HAL_DMA2D_ConfigLayer
 .text.DMA2D_SetConfig
                0x00000000080017cc      0x138 Drivers/STM32F7xx_HAL_Driver/Src/stm32f7xx_hal_dma2d.o
 .text.HAL_GPIO_Init
                0x0000000008001904      0x358 Drivers/STM32F7xx_HAL_Driver/Src/stm32f7xx_hal_gpio.o
                0x0000000008001904                HAL_GPIO_Init
 .text.HAL_GPIO_WritePin
                0x0000000008001c5c       0x32 Drivers/STM32F7xx_HAL_Driver/Src/stm32f7xx_hal_gpio.o
                0x0000000008001c5c                HAL_GPIO_WritePin
 .text.HAL_GPIO_TogglePin
                0x0000000008001c8e       0x34 Drivers/STM32F7xx_HAL_Driver/Src/stm32f7xx_hal_gpio.o
                0x0000000008001c8e                HAL_GPIO_TogglePin
 *fill*         0x0000000008001cc2        0x2 
 .text.HAL_I2C_Init
                0x0000000008001cc4      0x120 Drivers/STM32F7xx_HAL_Driver/Src/stm32f7xx_hal_i2c.o
                0x0000000008001cc4                HAL_I2C_Init
 .text.HAL_I2C_DeInit
                0x0000000008001de4       0x5e Drivers/STM32F7xx_HAL_Driver/Src/stm32f7xx_hal_i2c.o
                0x0000000008001de4                HAL_I2C_DeInit
 .text.HAL_I2C_MspInit
                0x0000000008001e42       0x14 Drivers/STM32F7xx_HAL_Driver/Src/stm32f7xx_hal_i2c.o
                0x0000000008001e42                HAL_I2C_MspInit
 .text.HAL_I2C_MspDeInit
                0x0000000008001e56       0x14 Drivers/STM32F7xx_HAL_Driver/Src/stm32f7xx_hal_i2c.o
                0x0000000008001e56                HAL_I2C_MspDeInit
 *fill*         0x0000000008001e6a        0x2 
 .text.HAL_I2C_Mem_Write
                0x0000000008001e6c      0x228 Drivers/STM32F7xx_HAL_Driver/Src/stm32f7xx_hal_i2c.o
                0x0000000008001e6c                HAL_I2C_Mem_Write
 .text.HAL_I2C_Mem_Read
                0x0000000008002094      0x234 Drivers/STM32F7xx_HAL_Driver/Src/stm32f7xx_hal_i2c.o
                0x0000000008002094                HAL_I2C_Mem_Read
 .text.HAL_I2C_GetState
                0x00000000080022c8       0x1c Drivers/STM32F7xx_HAL_Driver/Src/stm32f7xx_hal_i2c.o
                0x00000000080022c8                HAL_I2C_GetState
 .text.I2C_RequestMemoryWrite
                0x00000000080022e4       0xa8 Drivers/STM32F7xx_HAL_Driver/Src/stm32f7xx_hal_i2c.o
 .text.I2C_RequestMemoryRead
                0x000000000800238c       0xa8 Drivers/STM32F7xx_HAL_Driver/Src/stm32f7xx_hal_i2c.o
 .text.I2C_Flush_TXDR
                0x0000000008002434       0x48 Drivers/STM32F7xx_HAL_Driver/Src/stm32f7xx_hal_i2c.o
 .text.I2C_WaitOnFlagUntilTimeout
                0x000000000800247c       0x80 Drivers/STM32F7xx_HAL_Driver/Src/stm32f7xx_hal_i2c.o
 .text.I2C_WaitOnTXISFlagUntilTimeout
                0x00000000080024fc       0x80 Drivers/STM32F7xx_HAL_Driver/Src/stm32f7xx_hal_i2c.o
 .text.I2C_WaitOnSTOPFlagUntilTimeout
                0x000000000800257c       0x78 Drivers/STM32F7xx_HAL_Driver/Src/stm32f7xx_hal_i2c.o
 .text.I2C_IsAcknowledgeFailed
                0x00000000080025f4       0xcc Drivers/STM32F7xx_HAL_Driver/Src/stm32f7xx_hal_i2c.o
 .text.I2C_TransferConfig
                0x00000000080026c0       0x5c Drivers/STM32F7xx_HAL_Driver/Src/stm32f7xx_hal_i2c.o
 .text.HAL_LTDC_Init
                0x000000000800271c      0x1b8 Drivers/STM32F7xx_HAL_Driver/Src/stm32f7xx_hal_ltdc.o
                0x000000000800271c                HAL_LTDC_Init
 .text.HAL_LTDC_MspInit
                0x00000000080028d4       0x14 Drivers/STM32F7xx_HAL_Driver/Src/stm32f7xx_hal_ltdc.o
                0x00000000080028d4                HAL_LTDC_MspInit
 .text.HAL_LTDC_IRQHandler
                0x00000000080028e8      0x158 Drivers/STM32F7xx_HAL_Driver/Src/stm32f7xx_hal_ltdc.o
                0x00000000080028e8                HAL_LTDC_IRQHandler
 .text.HAL_LTDC_ErrorCallback
                0x0000000008002a40       0x14 Drivers/STM32F7xx_HAL_Driver/Src/stm32f7xx_hal_ltdc.o
                0x0000000008002a40                HAL_LTDC_ErrorCallback
 .text.HAL_LTDC_LineEventCallback
                0x0000000008002a54       0x14 Drivers/STM32F7xx_HAL_Driver/Src/stm32f7xx_hal_ltdc.o
                0x0000000008002a54                HAL_LTDC_LineEventCallback
 .text.HAL_LTDC_ReloadEventCallback
                0x0000000008002a68       0x14 Drivers/STM32F7xx_HAL_Driver/Src/stm32f7xx_hal_ltdc.o
                0x0000000008002a68                HAL_LTDC_ReloadEventCallback
 .text.HAL_LTDC_ConfigLayer
                0x0000000008002a7c       0x7c Drivers/STM32F7xx_HAL_Driver/Src/stm32f7xx_hal_ltdc.o
                0x0000000008002a7c                HAL_LTDC_ConfigLayer
 .text.HAL_LTDC_GetState
                0x0000000008002af8       0x1c Drivers/STM32F7xx_HAL_Driver/Src/stm32f7xx_hal_ltdc.o
                0x0000000008002af8                HAL_LTDC_GetState
 .text.LTDC_SetConfig
                0x0000000008002b14      0x340 Drivers/STM32F7xx_HAL_Driver/Src/stm32f7xx_hal_ltdc.o
 .text.HAL_PWREx_EnableOverDrive
                0x0000000008002e54       0xa0 Drivers/STM32F7xx_HAL_Driver/Src/stm32f7xx_hal_pwr_ex.o
                0x0000000008002e54                HAL_PWREx_EnableOverDrive
 .text.HAL_RCC_OscConfig
                0x0000000008002ef4      0x548 Drivers/STM32F7xx_HAL_Driver/Src/stm32f7xx_hal_rcc.o
                0x0000000008002ef4                HAL_RCC_OscConfig
 .text.HAL_RCC_ClockConfig
                0x000000000800343c      0x1d8 Drivers/STM32F7xx_HAL_Driver/Src/stm32f7xx_hal_rcc.o
                0x000000000800343c                HAL_RCC_ClockConfig
 .text.HAL_RCC_GetSysClockFreq
                0x0000000008003614      0x1c4 Drivers/STM32F7xx_HAL_Driver/Src/stm32f7xx_hal_rcc.o
                0x0000000008003614                HAL_RCC_GetSysClockFreq
 .text.HAL_RCCEx_PeriphCLKConfig
                0x00000000080037d8      0x7e0 Drivers/STM32F7xx_HAL_Driver/Src/stm32f7xx_hal_rcc_ex.o
                0x00000000080037d8                HAL_RCCEx_PeriphCLKConfig
 .text.HAL_SDRAM_Init
                0x0000000008003fb8       0x68 Drivers/STM32F7xx_HAL_Driver/Src/stm32f7xx_hal_sdram.o
                0x0000000008003fb8                HAL_SDRAM_Init
 .text.HAL_SDRAM_MspInit
                0x0000000008004020       0x14 Drivers/STM32F7xx_HAL_Driver/Src/stm32f7xx_hal_sdram.o
                0x0000000008004020                HAL_SDRAM_MspInit
 .text.HAL_SDRAM_SendCommand
                0x0000000008004034       0x56 Drivers/STM32F7xx_HAL_Driver/Src/stm32f7xx_hal_sdram.o
                0x0000000008004034                HAL_SDRAM_SendCommand
 .text.HAL_SDRAM_ProgramRefreshRate
                0x000000000800408a       0x40 Drivers/STM32F7xx_HAL_Driver/Src/stm32f7xx_hal_sdram.o
                0x000000000800408a                HAL_SDRAM_ProgramRefreshRate
 *fill*         0x00000000080040ca        0x2 
 .text.FMC_SDRAM_Init
                0x00000000080040cc       0xe4 Drivers/STM32F7xx_HAL_Driver/Src/stm32f7xx_ll_fmc.o
                0x00000000080040cc                FMC_SDRAM_Init
 .text.FMC_SDRAM_Timing_Init
                0x00000000080041b0      0x100 Drivers/STM32F7xx_HAL_Driver/Src/stm32f7xx_ll_fmc.o
                0x00000000080041b0                FMC_SDRAM_Timing_Init
 .text.FMC_SDRAM_SendCommand
                0x00000000080042b0       0x42 Drivers/STM32F7xx_HAL_Driver/Src/stm32f7xx_ll_fmc.o
                0x00000000080042b0                FMC_SDRAM_SendCommand
 .text.FMC_SDRAM_ProgramRefreshRate
                0x00000000080042f2       0x26 Drivers/STM32F7xx_HAL_Driver/Src/stm32f7xx_ll_fmc.o
                0x00000000080042f2                FMC_SDRAM_ProgramRefreshRate
 .text.ft5336_Init
                0x0000000008004318       0x1c GUI files/ft5336.o
                0x0000000008004318                ft5336_Init
 .text.ft5336_Reset
                0x0000000008004334       0x16 GUI files/ft5336.o
                0x0000000008004334                ft5336_Reset
 .text.ft5336_ReadID
                0x000000000800434a       0x5c GUI files/ft5336.o
                0x000000000800434a                ft5336_ReadID
 .text.ft5336_TS_Start
                0x00000000080043a6       0x22 GUI files/ft5336.o
                0x00000000080043a6                ft5336_TS_Start
 .text.ft5336_TS_DetectTouch
                0x00000000080043c8       0x54 GUI files/ft5336.o
                0x00000000080043c8                ft5336_TS_DetectTouch
 .text.ft5336_TS_GetXY
                0x000000000800441c      0x1e0 GUI files/ft5336.o
                0x000000000800441c                ft5336_TS_GetXY
 .text.ft5336_TS_EnableIT
                0x00000000080045fc       0x28 GUI files/ft5336.o
                0x00000000080045fc                ft5336_TS_EnableIT
 .text.ft5336_TS_DisableIT
                0x0000000008004624       0x28 GUI files/ft5336.o
                0x0000000008004624                ft5336_TS_DisableIT
 .text.ft5336_TS_ITStatus
                0x000000000800464c       0x18 GUI files/ft5336.o
                0x000000000800464c                ft5336_TS_ITStatus
 .text.ft5336_TS_ClearIT
                0x0000000008004664       0x16 GUI files/ft5336.o
                0x0000000008004664                ft5336_TS_ClearIT
 .text.ft5336_TS_GetGestureID
                0x000000000800467a       0x32 GUI files/ft5336.o
                0x000000000800467a                ft5336_TS_GetGestureID
 .text.ft5336_TS_GetTouchInfo
                0x00000000080046ac      0x15c GUI files/ft5336.o
                0x00000000080046ac                ft5336_TS_GetTouchInfo
 .text.ft5336_Get_I2C_InitializedStatus
                0x0000000008004808       0x18 GUI files/ft5336.o
 .text.ft5336_I2C_InitializeIfRequired
                0x0000000008004820       0x20 GUI files/ft5336.o
 .text.ft5336_TS_Configure
                0x0000000008004840       0x1c GUI files/ft5336.o
 .text.I2Cx_MspInit
                0x000000000800485c      0x160 GUI files/stm32746g_discovery.o
 .text.I2Cx_Init
                0x00000000080049bc       0x78 GUI files/stm32746g_discovery.o
 .text.I2Cx_ReadMultiple
                0x0000000008004a34       0x5a GUI files/stm32746g_discovery.o
 .text.I2Cx_WriteMultiple
                0x0000000008004a8e       0x5a GUI files/stm32746g_discovery.o
 .text.I2Cx_Error
                0x0000000008004ae8       0x20 GUI files/stm32746g_discovery.o
 .text.TS_IO_Init
                0x0000000008004b08       0x14 GUI files/stm32746g_discovery.o
                0x0000000008004b08                TS_IO_Init
 .text.TS_IO_Write
                0x0000000008004b1c       0x34 GUI files/stm32746g_discovery.o
                0x0000000008004b1c                TS_IO_Write
 .text.TS_IO_Read
                0x0000000008004b50       0x3c GUI files/stm32746g_discovery.o
                0x0000000008004b50                TS_IO_Read
 .text.TS_IO_Delay
                0x0000000008004b8c       0x16 GUI files/stm32746g_discovery.o
                0x0000000008004b8c                TS_IO_Delay
 *fill*         0x0000000008004ba2        0x2 
 .text.BSP_LCD_Init
                0x0000000008004ba4       0xe0 GUI files/stm32746g_discovery_lcd.o
                0x0000000008004ba4                BSP_LCD_Init
 .text.BSP_LCD_GetXSize
                0x0000000008004c84       0x28 GUI files/stm32746g_discovery_lcd.o
                0x0000000008004c84                BSP_LCD_GetXSize
 .text.BSP_LCD_GetYSize
                0x0000000008004cac       0x28 GUI files/stm32746g_discovery_lcd.o
                0x0000000008004cac                BSP_LCD_GetYSize
 .text.BSP_LCD_LayerDefaultInit
                0x0000000008004cd4       0xc0 GUI files/stm32746g_discovery_lcd.o
                0x0000000008004cd4                BSP_LCD_LayerDefaultInit
 .text.BSP_LCD_SelectLayer
                0x0000000008004d94       0x20 GUI files/stm32746g_discovery_lcd.o
                0x0000000008004d94                BSP_LCD_SelectLayer
 .text.BSP_LCD_SetFont
                0x0000000008004db4       0x34 GUI files/stm32746g_discovery_lcd.o
                0x0000000008004db4                BSP_LCD_SetFont
 .text.BSP_LCD_Clear
                0x0000000008004de8       0x50 GUI files/stm32746g_discovery_lcd.o
                0x0000000008004de8                BSP_LCD_Clear
 .text.BSP_LCD_DisplayChar
                0x0000000008004e38       0x88 GUI files/stm32746g_discovery_lcd.o
                0x0000000008004e38                BSP_LCD_DisplayChar
 .text.BSP_LCD_DisplayStringAt
                0x0000000008004ec0      0x190 GUI files/stm32746g_discovery_lcd.o
                0x0000000008004ec0                BSP_LCD_DisplayStringAt
 .text.BSP_LCD_DrawPixel
                0x0000000008005050       0x90 GUI files/stm32746g_discovery_lcd.o
                0x0000000008005050                BSP_LCD_DrawPixel
 .text.BSP_LCD_DisplayOn
                0x00000000080050e0       0x3c GUI files/stm32746g_discovery_lcd.o
                0x00000000080050e0                BSP_LCD_DisplayOn
 .text.BSP_LCD_MspInit
                0x000000000800511c      0x1b4 GUI files/stm32746g_discovery_lcd.o
                0x000000000800511c                BSP_LCD_MspInit
 .text.BSP_LCD_ClockConfig
                0x00000000080052d0       0x38 GUI files/stm32746g_discovery_lcd.o
                0x00000000080052d0                BSP_LCD_ClockConfig
 .text.DrawChar
                0x0000000008005308      0x170 GUI files/stm32746g_discovery_lcd.o
 .text.LL_FillBuffer
                0x0000000008005478       0x98 GUI files/stm32746g_discovery_lcd.o
 .text.BSP_SDRAM_Init
                0x0000000008005510       0xbc GUI files/stm32746g_discovery_sdram.o
                0x0000000008005510                BSP_SDRAM_Init
 .text.BSP_SDRAM_Initialization_sequence
                0x00000000080055cc       0xc0 GUI files/stm32746g_discovery_sdram.o
                0x00000000080055cc                BSP_SDRAM_Initialization_sequence
 .text.BSP_SDRAM_MspInit
                0x000000000800568c      0x1f0 GUI files/stm32746g_discovery_sdram.o
                0x000000000800568c                BSP_SDRAM_MspInit
 .text.BSP_TS_Init
                0x000000000800587c       0x80 GUI files/stm32746g_discovery_ts.o
                0x000000000800587c                BSP_TS_Init
 .text.BSP_TS_GetState
                0x00000000080058fc      0x3ac GUI files/stm32746g_discovery_ts.o
                0x00000000080058fc                BSP_TS_GetState
 .text.BSP_TS_Get_GestureId
                0x0000000008005ca8      0x104 GUI files/stm32746g_discovery_ts.o
                0x0000000008005ca8                BSP_TS_Get_GestureId
 .text.__errno  0x0000000008005dac        0xc c:/st/stm32cubeide_1.6.0/stm32cubeide/plugins/com.st.stm32cube.ide.mcu.externaltools.gnu-tools-for-stm32.9-2020-q2-update.win32_1.5.0.202011040924/tools/bin/../lib/gcc/arm-none-eabi/9.3.1/../../../../arm-none-eabi/lib/thumb/v7e-m+fp/hard\libc_nano.a(lib_a-errno.o)
                0x0000000008005dac                __errno
 .text.__libc_init_array
                0x0000000008005db8       0x48 c:/st/stm32cubeide_1.6.0/stm32cubeide/plugins/com.st.stm32cube.ide.mcu.externaltools.gnu-tools-for-stm32.9-2020-q2-update.win32_1.5.0.202011040924/tools/bin/../lib/gcc/arm-none-eabi/9.3.1/../../../../arm-none-eabi/lib/thumb/v7e-m+fp/hard\libc_nano.a(lib_a-init.o)
                0x0000000008005db8                __libc_init_array
 .text.memset   0x0000000008005e00       0x10 c:/st/stm32cubeide_1.6.0/stm32cubeide/plugins/com.st.stm32cube.ide.mcu.externaltools.gnu-tools-for-stm32.9-2020-q2-update.win32_1.5.0.202011040924/tools/bin/../lib/gcc/arm-none-eabi/9.3.1/../../../../arm-none-eabi/lib/thumb/v7e-m+fp/hard\libc_nano.a(lib_a-memset.o)
                0x0000000008005e00                memset
 .text.sprintf  0x0000000008005e10       0x40 c:/st/stm32cubeide_1.6.0/stm32cubeide/plugins/com.st.stm32cube.ide.mcu.externaltools.gnu-tools-for-stm32.9-2020-q2-update.win32_1.5.0.202011040924/tools/bin/../lib/gcc/arm-none-eabi/9.3.1/../../../../arm-none-eabi/lib/thumb/v7e-m+fp/hard\libc_nano.a(lib_a-sprintf.o)
                0x0000000008005e10                siprintf
                0x0000000008005e10                sprintf
 .text.__ssputs_r
                0x0000000008005e50       0xb6 c:/st/stm32cubeide_1.6.0/stm32cubeide/plugins/com.st.stm32cube.ide.mcu.externaltools.gnu-tools-for-stm32.9-2020-q2-update.win32_1.5.0.202011040924/tools/bin/../lib/gcc/arm-none-eabi/9.3.1/../../../../arm-none-eabi/lib/thumb/v7e-m+fp/hard\libc_nano.a(lib_a-nano-svfprintf.o)
                0x0000000008005e50                __ssputs_r
 *fill*         0x0000000008005f06        0x2 
 .text._svfprintf_r
                0x0000000008005f08      0x200 c:/st/stm32cubeide_1.6.0/stm32cubeide/plugins/com.st.stm32cube.ide.mcu.externaltools.gnu-tools-for-stm32.9-2020-q2-update.win32_1.5.0.202011040924/tools/bin/../lib/gcc/arm-none-eabi/9.3.1/../../../../arm-none-eabi/lib/thumb/v7e-m+fp/hard\libc_nano.a(lib_a-nano-svfprintf.o)
                0x0000000008005f08                _svfiprintf_r
                0x0000000008005f08                _svfprintf_r
 .text._printf_common
                0x0000000008006108       0xda c:/st/stm32cubeide_1.6.0/stm32cubeide/plugins/com.st.stm32cube.ide.mcu.externaltools.gnu-tools-for-stm32.9-2020-q2-update.win32_1.5.0.202011040924/tools/bin/../lib/gcc/arm-none-eabi/9.3.1/../../../../arm-none-eabi/lib/thumb/v7e-m+fp/hard\libc_nano.a(lib_a-nano-vfprintf_i.o)
                0x0000000008006108                _printf_common
 *fill*         0x00000000080061e2        0x2 
 .text._printf_i
                0x00000000080061e4      0x24c c:/st/stm32cubeide_1.6.0/stm32cubeide/plugins/com.st.stm32cube.ide.mcu.externaltools.gnu-tools-for-stm32.9-2020-q2-update.win32_1.5.0.202011040924/tools/bin/../lib/gcc/arm-none-eabi/9.3.1/../../../../arm-none-eabi/lib/thumb/v7e-m+fp/hard\libc_nano.a(lib_a-nano-vfprintf_i.o)
                0x00000000080061e4                _printf_i
 .text.memcpy   0x0000000008006430       0x1c c:/st/stm32cubeide_1.6.0/stm32cubeide/plugins/com.st.stm32cube.ide.mcu.externaltools.gnu-tools-for-stm32.9-2020-q2-update.win32_1.5.0.202011040924/tools/bin/../lib/gcc/arm-none-eabi/9.3.1/../../../../arm-none-eabi/lib/thumb/v7e-m+fp/hard\libc_nano.a(lib_a-memcpy-stub.o)
                0x0000000008006430                memcpy
 .text.memmove  0x000000000800644c       0x34 c:/st/stm32cubeide_1.6.0/stm32cubeide/plugins/com.st.stm32cube.ide.mcu.externaltools.gnu-tools-for-stm32.9-2020-q2-update.win32_1.5.0.202011040924/tools/bin/../lib/gcc/arm-none-eabi/9.3.1/../../../../arm-none-eabi/lib/thumb/v7e-m+fp/hard\libc_nano.a(lib_a-memmove.o)
                0x000000000800644c                memmove
 .text._free_r  0x0000000008006480       0xa0 c:/st/stm32cubeide_1.6.0/stm32cubeide/plugins/com.st.stm32cube.ide.mcu.externaltools.gnu-tools-for-stm32.9-2020-q2-update.win32_1.5.0.202011040924/tools/bin/../lib/gcc/arm-none-eabi/9.3.1/../../../../arm-none-eabi/lib/thumb/v7e-m+fp/hard\libc_nano.a(lib_a-nano-freer.o)
                0x0000000008006480                _free_r
 .text._malloc_r
                0x0000000008006520       0xb4 c:/st/stm32cubeide_1.6.0/stm32cubeide/plugins/com.st.stm32cube.ide.mcu.externaltools.gnu-tools-for-stm32.9-2020-q2-update.win32_1.5.0.202011040924/tools/bin/../lib/gcc/arm-none-eabi/9.3.1/../../../../arm-none-eabi/lib/thumb/v7e-m+fp/hard\libc_nano.a(lib_a-nano-mallocr.o)
                0x0000000008006520                _malloc_r
 .text._realloc_r
                0x00000000080065d4       0x4c c:/st/stm32cubeide_1.6.0/stm32cubeide/plugins/com.st.stm32cube.ide.mcu.externaltools.gnu-tools-for-stm32.9-2020-q2-update.win32_1.5.0.202011040924/tools/bin/../lib/gcc/arm-none-eabi/9.3.1/../../../../arm-none-eabi/lib/thumb/v7e-m+fp/hard\libc_nano.a(lib_a-nano-reallocr.o)
                0x00000000080065d4                _realloc_r
 .text._sbrk_r  0x0000000008006620       0x20 c:/st/stm32cubeide_1.6.0/stm32cubeide/plugins/com.st.stm32cube.ide.mcu.externaltools.gnu-tools-for-stm32.9-2020-q2-update.win32_1.5.0.202011040924/tools/bin/../lib/gcc/arm-none-eabi/9.3.1/../../../../arm-none-eabi/lib/thumb/v7e-m+fp/hard\libc_nano.a(lib_a-sbrkr.o)
                0x0000000008006620                _sbrk_r
 .text.__malloc_lock
                0x0000000008006640        0xc c:/st/stm32cubeide_1.6.0/stm32cubeide/plugins/com.st.stm32cube.ide.mcu.externaltools.gnu-tools-for-stm32.9-2020-q2-update.win32_1.5.0.202011040924/tools/bin/../lib/gcc/arm-none-eabi/9.3.1/../../../../arm-none-eabi/lib/thumb/v7e-m+fp/hard\libc_nano.a(lib_a-mlock.o)
                0x0000000008006640                __malloc_lock
 .text.__malloc_unlock
                0x000000000800664c        0xc c:/st/stm32cubeide_1.6.0/stm32cubeide/plugins/com.st.stm32cube.ide.mcu.externaltools.gnu-tools-for-stm32.9-2020-q2-update.win32_1.5.0.202011040924/tools/bin/../lib/gcc/arm-none-eabi/9.3.1/../../../../arm-none-eabi/lib/thumb/v7e-m+fp/hard\libc_nano.a(lib_a-mlock.o)
                0x000000000800664c                __malloc_unlock
 .text._malloc_usable_size_r
                0x0000000008006658       0x10 c:/st/stm32cubeide_1.6.0/stm32cubeide/plugins/com.st.stm32cube.ide.mcu.externaltools.gnu-tools-for-stm32.9-2020-q2-update.win32_1.5.0.202011040924/tools/bin/../lib/gcc/arm-none-eabi/9.3.1/../../../../arm-none-eabi/lib/thumb/v7e-m+fp/hard\libc_nano.a(lib_a-nano-msizer.o)
                0x0000000008006658                _malloc_usable_size_r
 .text.__retarget_lock_acquire_recursive
                0x0000000008006668        0x2 c:/st/stm32cubeide_1.6.0/stm32cubeide/plugins/com.st.stm32cube.ide.mcu.externaltools.gnu-tools-for-stm32.9-2020-q2-update.win32_1.5.0.202011040924/tools/bin/../lib/gcc/arm-none-eabi/9.3.1/../../../../arm-none-eabi/lib/thumb/v7e-m+fp/hard\libc_nano.a(lib_a-lock.o)
                0x0000000008006668                __retarget_lock_acquire_recursive
 .text.__retarget_lock_release_recursive
                0x000000000800666a        0x2 c:/st/stm32cubeide_1.6.0/stm32cubeide/plugins/com.st.stm32cube.ide.mcu.externaltools.gnu-tools-for-stm32.9-2020-q2-update.win32_1.5.0.202011040924/tools/bin/../lib/gcc/arm-none-eabi/9.3.1/../../../../arm-none-eabi/lib/thumb/v7e-m+fp/hard\libc_nano.a(lib_a-lock.o)
                0x000000000800666a                __retarget_lock_release_recursive
 *(.glue_7)
 .glue_7        0x000000000800666c        0x0 linker stubs
 *(.glue_7t)
 .glue_7t       0x000000000800666c        0x0 linker stubs
 *(.eh_frame)
 .eh_frame      0x000000000800666c        0x0 c:/st/stm32cubeide_1.6.0/stm32cubeide/plugins/com.st.stm32cube.ide.mcu.externaltools.gnu-tools-for-stm32.9-2020-q2-update.win32_1.5.0.202011040924/tools/bin/../lib/gcc/arm-none-eabi/9.3.1/thumb/v7e-m+fp/hard/crtbegin.o
 *(.init)
 .init          0x000000000800666c        0x4 c:/st/stm32cubeide_1.6.0/stm32cubeide/plugins/com.st.stm32cube.ide.mcu.externaltools.gnu-tools-for-stm32.9-2020-q2-update.win32_1.5.0.202011040924/tools/bin/../lib/gcc/arm-none-eabi/9.3.1/thumb/v7e-m+fp/hard/crti.o
                0x000000000800666c                _init
 .init          0x0000000008006670        0x8 c:/st/stm32cubeide_1.6.0/stm32cubeide/plugins/com.st.stm32cube.ide.mcu.externaltools.gnu-tools-for-stm32.9-2020-q2-update.win32_1.5.0.202011040924/tools/bin/../lib/gcc/arm-none-eabi/9.3.1/thumb/v7e-m+fp/hard/crtn.o
 *(.fini)
 .fini          0x0000000008006678        0x4 c:/st/stm32cubeide_1.6.0/stm32cubeide/plugins/com.st.stm32cube.ide.mcu.externaltools.gnu-tools-for-stm32.9-2020-q2-update.win32_1.5.0.202011040924/tools/bin/../lib/gcc/arm-none-eabi/9.3.1/thumb/v7e-m+fp/hard/crti.o
                0x0000000008006678                _fini
 .fini          0x000000000800667c        0x8 c:/st/stm32cubeide_1.6.0/stm32cubeide/plugins/com.st.stm32cube.ide.mcu.externaltools.gnu-tools-for-stm32.9-2020-q2-update.win32_1.5.0.202011040924/tools/bin/../lib/gcc/arm-none-eabi/9.3.1/thumb/v7e-m+fp/hard/crtn.o
                0x0000000008006684                . = ALIGN (0x4)
                0x0000000008006684                _etext = .

.vfp11_veneer   0x0000000008006684        0x0
 .vfp11_veneer  0x0000000008006684        0x0 linker stubs

.v4_bx          0x0000000008006684        0x0
 .v4_bx         0x0000000008006684        0x0 linker stubs

.iplt           0x0000000008006684        0x0
 .iplt          0x0000000008006684        0x0 c:/st/stm32cubeide_1.6.0/stm32cubeide/plugins/com.st.stm32cube.ide.mcu.externaltools.gnu-tools-for-stm32.9-2020-q2-update.win32_1.5.0.202011040924/tools/bin/../lib/gcc/arm-none-eabi/9.3.1/thumb/v7e-m+fp/hard/crtbegin.o

.rodata         0x0000000008006684     0x1b1c
                0x0000000008006684                . = ALIGN (0x4)
 *(.rodata)
 .rodata        0x0000000008006684       0x17 Core/Src/main.o
 *(.rodata*)
 *fill*         0x000000000800669b        0x1 
 .rodata.AHBPrescTable
                0x000000000800669c       0x10 Core/Src/system_stm32f7xx.o
                0x000000000800669c                AHBPrescTable
 .rodata.flagBitshiftOffset.8983
                0x00000000080066ac        0x8 Drivers/STM32F7xx_HAL_Driver/Src/stm32f7xx_hal_dma.o
 .rodata.Font24_Table
                0x00000000080066b4     0x1ab8 GUI files/font24.o
                0x00000000080066b4                Font24_Table
 .rodata._svfprintf_r.str1.1
                0x000000000800816c       0x11 c:/st/stm32cubeide_1.6.0/stm32cubeide/plugins/com.st.stm32cube.ide.mcu.externaltools.gnu-tools-for-stm32.9-2020-q2-update.win32_1.5.0.202011040924/tools/bin/../lib/gcc/arm-none-eabi/9.3.1/../../../../arm-none-eabi/lib/thumb/v7e-m+fp/hard\libc_nano.a(lib_a-nano-svfprintf.o)
 .rodata._printf_i.str1.1
                0x000000000800817d       0x22 c:/st/stm32cubeide_1.6.0/stm32cubeide/plugins/com.st.stm32cube.ide.mcu.externaltools.gnu-tools-for-stm32.9-2020-q2-update.win32_1.5.0.202011040924/tools/bin/../lib/gcc/arm-none-eabi/9.3.1/../../../../arm-none-eabi/lib/thumb/v7e-m+fp/hard\libc_nano.a(lib_a-nano-vfprintf_i.o)
                0x00000000080081a0                . = ALIGN (0x4)
 *fill*         0x000000000800819f        0x1 

.ARM.extab      0x00000000080081a0        0x0
                0x00000000080081a0                . = ALIGN (0x4)
 *(.ARM.extab* .gnu.linkonce.armextab.*)
                0x00000000080081a0                . = ALIGN (0x4)

.ARM            0x00000000080081a0        0x8
                0x00000000080081a0                . = ALIGN (0x4)
                0x00000000080081a0                __exidx_start = .
 *(.ARM.exidx*)
 .ARM.exidx     0x00000000080081a0        0x8 c:/st/stm32cubeide_1.6.0/stm32cubeide/plugins/com.st.stm32cube.ide.mcu.externaltools.gnu-tools-for-stm32.9-2020-q2-update.win32_1.5.0.202011040924/tools/bin/../lib/gcc/arm-none-eabi/9.3.1/thumb/v7e-m+fp/hard\libgcc.a(_udivmoddi4.o)
                0x00000000080081a8                __exidx_end = .
                0x00000000080081a8                . = ALIGN (0x4)

.rel.dyn        0x00000000080081a8        0x0
 .rel.iplt      0x00000000080081a8        0x0 c:/st/stm32cubeide_1.6.0/stm32cubeide/plugins/com.st.stm32cube.ide.mcu.externaltools.gnu-tools-for-stm32.9-2020-q2-update.win32_1.5.0.202011040924/tools/bin/../lib/gcc/arm-none-eabi/9.3.1/thumb/v7e-m+fp/hard/crtbegin.o

.preinit_array  0x00000000080081a8        0x0
                0x00000000080081a8                . = ALIGN (0x4)
                0x00000000080081a8                PROVIDE (__preinit_array_start = .)
 *(.preinit_array*)
                0x00000000080081a8                PROVIDE (__preinit_array_end = .)
                0x00000000080081a8                . = ALIGN (0x4)

.init_array     0x00000000080081a8        0x4
                0x00000000080081a8                . = ALIGN (0x4)
                0x00000000080081a8                PROVIDE (__init_array_start = .)
 *(SORT_BY_NAME(.init_array.*))
 *(.init_array*)
 .init_array    0x00000000080081a8        0x4 c:/st/stm32cubeide_1.6.0/stm32cubeide/plugins/com.st.stm32cube.ide.mcu.externaltools.gnu-tools-for-stm32.9-2020-q2-update.win32_1.5.0.202011040924/tools/bin/../lib/gcc/arm-none-eabi/9.3.1/thumb/v7e-m+fp/hard/crtbegin.o
                0x00000000080081ac                PROVIDE (__init_array_end = .)
                0x00000000080081ac                . = ALIGN (0x4)

.fini_array     0x00000000080081ac        0x4
                0x00000000080081ac                . = ALIGN (0x4)
                [!provide]                        PROVIDE (__fini_array_start = .)
 *(SORT_BY_NAME(.fini_array.*))
 *(.fini_array*)
 .fini_array    0x00000000080081ac        0x4 c:/st/stm32cubeide_1.6.0/stm32cubeide/plugins/com.st.stm32cube.ide.mcu.externaltools.gnu-tools-for-stm32.9-2020-q2-update.win32_1.5.0.202011040924/tools/bin/../lib/gcc/arm-none-eabi/9.3.1/thumb/v7e-m+fp/hard/crtbegin.o
                [!provide]                        PROVIDE (__fini_array_end = .)
                0x00000000080081b0                . = ALIGN (0x4)
                0x00000000080081b0                _sidata = LOADADDR (.data)

.data           0x0000000020000000       0xa4 load address 0x00000000080081b0
                0x0000000020000000                . = ALIGN (0x4)
                0x0000000020000000                _sdata = .
 *(.data)
 *(.data*)
 .data.SystemCoreClock
                0x0000000020000000        0x4 Core/Src/system_stm32f7xx.o
                0x0000000020000000                SystemCoreClock
 .data.uwTickPrio
                0x0000000020000004        0x4 Drivers/STM32F7xx_HAL_Driver/Src/stm32f7xx_hal.o
                0x0000000020000004                uwTickPrio
 .data.uwTickFreq
                0x0000000020000008        0x1 Drivers/STM32F7xx_HAL_Driver/Src/stm32f7xx_hal.o
                0x0000000020000008                uwTickFreq
 *fill*         0x0000000020000009        0x3 
 .data.Font24   0x000000002000000c        0x8 GUI files/font24.o
                0x000000002000000c                Font24
 .data.ft5336_ts_drv
                0x0000000020000014       0x28 GUI files/ft5336.o
                0x0000000020000014                ft5336_ts_drv
 .data.sdramstatus.8899
                0x000000002000003c        0x1 GUI files/stm32746g_discovery_sdram.o
 *fill*         0x000000002000003d        0x3 
 .data._impure_ptr
                0x0000000020000040        0x4 c:/st/stm32cubeide_1.6.0/stm32cubeide/plugins/com.st.stm32cube.ide.mcu.externaltools.gnu-tools-for-stm32.9-2020-q2-update.win32_1.5.0.202011040924/tools/bin/../lib/gcc/arm-none-eabi/9.3.1/../../../../arm-none-eabi/lib/thumb/v7e-m+fp/hard\libc_nano.a(lib_a-impure.o)
                0x0000000020000040                _impure_ptr
 .data.impure_data
                0x0000000020000044       0x60 c:/st/stm32cubeide_1.6.0/stm32cubeide/plugins/com.st.stm32cube.ide.mcu.externaltools.gnu-tools-for-stm32.9-2020-q2-update.win32_1.5.0.202011040924/tools/bin/../lib/gcc/arm-none-eabi/9.3.1/../../../../arm-none-eabi/lib/thumb/v7e-m+fp/hard\libc_nano.a(lib_a-impure.o)
 *(.RamFunc)
 *(.RamFunc*)
                0x00000000200000a4                . = ALIGN (0x4)
                0x00000000200000a4                _edata = .

.igot.plt       0x00000000200000a4        0x0 load address 0x0000000008008254
 .igot.plt      0x00000000200000a4        0x0 c:/st/stm32cubeide_1.6.0/stm32cubeide/plugins/com.st.stm32cube.ide.mcu.externaltools.gnu-tools-for-stm32.9-2020-q2-update.win32_1.5.0.202011040924/tools/bin/../lib/gcc/arm-none-eabi/9.3.1/thumb/v7e-m+fp/hard/crtbegin.o
                0x00000000200000a4                . = ALIGN (0x4)

.bss            0x00000000200000a4      0x3a8 load address 0x0000000008008254
                0x00000000200000a4                _sbss = .
                0x00000000200000a4                __bss_start__ = _sbss
 *(.bss)
 .bss           0x00000000200000a4       0x1c c:/st/stm32cubeide_1.6.0/stm32cubeide/plugins/com.st.stm32cube.ide.mcu.externaltools.gnu-tools-for-stm32.9-2020-q2-update.win32_1.5.0.202011040924/tools/bin/../lib/gcc/arm-none-eabi/9.3.1/thumb/v7e-m+fp/hard/crtbegin.o
 *(.bss*)
 .bss.__sbrk_heap_end
                0x00000000200000c0        0x4 Core/Src/sysmem.o
 .bss.ft5336_handle
                0x00000000200000c4        0x3 GUI files/ft5336.o
 *fill*         0x00000000200000c7        0x1 
 .bss.coord.5659
                0x00000000200000c8        0x2 GUI files/ft5336.o
 *fill*         0x00000000200000ca        0x2 
 .bss.hI2cAudioHandler
                0x00000000200000cc       0x4c GUI files/stm32746g_discovery.o
 .bss.hDma2dHandler
                0x0000000020000118       0x40 GUI files/stm32746g_discovery_lcd.o
 .bss.ActiveLayer
                0x0000000020000158        0x4 GUI files/stm32746g_discovery_lcd.o
 .bss.DrawProp  0x000000002000015c       0x18 GUI files/stm32746g_discovery_lcd.o
 .bss.periph_clk_init_struct.9466
                0x0000000020000174       0x84 GUI files/stm32746g_discovery_lcd.o
 .bss.Timing    0x00000000200001f8       0x1c GUI files/stm32746g_discovery_sdram.o
 .bss.Command   0x0000000020000214       0x10 GUI files/stm32746g_discovery_sdram.o
 .bss.dma_handle.8935
                0x0000000020000224       0x60 GUI files/stm32746g_discovery_sdram.o
 .bss.tsDriver  0x0000000020000284        0x4 GUI files/stm32746g_discovery_ts.o
 .bss.tsXBoundary
                0x0000000020000288        0x2 GUI files/stm32746g_discovery_ts.o
 .bss.tsYBoundary
                0x000000002000028a        0x2 GUI files/stm32746g_discovery_ts.o
 .bss.tsOrientation
                0x000000002000028c        0x1 GUI files/stm32746g_discovery_ts.o
 .bss.I2cAddress
                0x000000002000028d        0x1 GUI files/stm32746g_discovery_ts.o
 *fill*         0x000000002000028e        0x2 
 .bss._x.9041   0x0000000020000290       0x14 GUI files/stm32746g_discovery_ts.o
 .bss._y.9042   0x00000000200002a4       0x14 GUI files/stm32746g_discovery_ts.o
 .bss.__malloc_free_list
                0x00000000200002b8        0x4 c:/st/stm32cubeide_1.6.0/stm32cubeide/plugins/com.st.stm32cube.ide.mcu.externaltools.gnu-tools-for-stm32.9-2020-q2-update.win32_1.5.0.202011040924/tools/bin/../lib/gcc/arm-none-eabi/9.3.1/../../../../arm-none-eabi/lib/thumb/v7e-m+fp/hard\libc_nano.a(lib_a-nano-mallocr.o)
                0x00000000200002b8                __malloc_free_list
 .bss.__malloc_sbrk_start
                0x00000000200002bc        0x4 c:/st/stm32cubeide_1.6.0/stm32cubeide/plugins/com.st.stm32cube.ide.mcu.externaltools.gnu-tools-for-stm32.9-2020-q2-update.win32_1.5.0.202011040924/tools/bin/../lib/gcc/arm-none-eabi/9.3.1/../../../../arm-none-eabi/lib/thumb/v7e-m+fp/hard\libc_nano.a(lib_a-nano-mallocr.o)
                0x00000000200002bc                __malloc_sbrk_start
 *(COMMON)
 COMMON         0x00000000200002c0       0x9c Core/Src/main.o
                0x00000000200002c0                hcrc
                0x00000000200002e4                ts
                0x0000000020000310                xTouchStr
                0x000000002000031c                hdma2d
 COMMON         0x000000002000035c        0x4 Drivers/STM32F7xx_HAL_Driver/Src/stm32f7xx_hal.o
                0x000000002000035c                uwTick
 COMMON         0x0000000020000360       0xa8 GUI files/stm32746g_discovery_lcd.o
                0x0000000020000360                hLtdcHandler
 COMMON         0x0000000020000408       0x34 GUI files/stm32746g_discovery_sdram.o
                0x0000000020000408                sdramHandle
 COMMON         0x000000002000043c        0x4 c:/st/stm32cubeide_1.6.0/stm32cubeide/plugins/com.st.stm32cube.ide.mcu.externaltools.gnu-tools-for-stm32.9-2020-q2-update.win32_1.5.0.202011040924/tools/bin/../lib/gcc/arm-none-eabi/9.3.1/../../../../arm-none-eabi/lib/thumb/v7e-m+fp/hard\libc_nano.a(lib_a-reent.o)
                0x000000002000043c                errno
 COMMON         0x0000000020000440        0x9 c:/st/stm32cubeide_1.6.0/stm32cubeide/plugins/com.st.stm32cube.ide.mcu.externaltools.gnu-tools-for-stm32.9-2020-q2-update.win32_1.5.0.202011040924/tools/bin/../lib/gcc/arm-none-eabi/9.3.1/../../../../arm-none-eabi/lib/thumb/v7e-m+fp/hard\libc_nano.a(lib_a-lock.o)
                0x0000000020000440                __lock___atexit_recursive_mutex
                0x0000000020000441                __lock___arc4random_mutex
                0x0000000020000442                __lock___env_recursive_mutex
                0x0000000020000443                __lock___sinit_recursive_mutex
                0x0000000020000444                __lock___malloc_recursive_mutex
                0x0000000020000445                __lock___at_quick_exit_mutex
                0x0000000020000446                __lock___dd_hash_mutex
                0x0000000020000447                __lock___tz_mutex
                0x0000000020000448                __lock___sfp_recursive_mutex
                0x000000002000044c                . = ALIGN (0x4)
 *fill*         0x0000000020000449        0x3 
                0x000000002000044c                _ebss = .
                0x000000002000044c                __bss_end__ = _ebss

._user_heap_stack
                0x000000002000044c      0x604 load address 0x0000000008008254
                0x0000000020000450                . = ALIGN (0x8)
 *fill*         0x000000002000044c        0x4 
                [!provide]                        PROVIDE (end = .)
                0x0000000020000450                PROVIDE (_end = .)
                0x0000000020000650                . = (. + _Min_Heap_Size)
 *fill*         0x0000000020000450      0x200 
                0x0000000020000a50                . = (. + _Min_Stack_Size)
 *fill*         0x0000000020000650      0x400 
                0x0000000020000a50                . = ALIGN (0x8)

/DISCARD/
 libc.a(*)
 libm.a(*)
 libgcc.a(*)

.ARM.attributes
                0x0000000000000000       0x30
 *(.ARM.attributes)
 .ARM.attributes
                0x0000000000000000       0x1e c:/st/stm32cubeide_1.6.0/stm32cubeide/plugins/com.st.stm32cube.ide.mcu.externaltools.gnu-tools-for-stm32.9-2020-q2-update.win32_1.5.0.202011040924/tools/bin/../lib/gcc/arm-none-eabi/9.3.1/thumb/v7e-m+fp/hard/crti.o
 .ARM.attributes
                0x000000000000001e       0x34 c:/st/stm32cubeide_1.6.0/stm32cubeide/plugins/com.st.stm32cube.ide.mcu.externaltools.gnu-tools-for-stm32.9-2020-q2-update.win32_1.5.0.202011040924/tools/bin/../lib/gcc/arm-none-eabi/9.3.1/thumb/v7e-m+fp/hard/crtbegin.o
 .ARM.attributes
                0x0000000000000052       0x34 Core/Src/main.o
 .ARM.attributes
                0x0000000000000086       0x34 Core/Src/stm32f7xx_hal_msp.o
 .ARM.attributes
                0x00000000000000ba       0x34 Core/Src/stm32f7xx_it.o
 .ARM.attributes
                0x00000000000000ee       0x34 Core/Src/sysmem.o
 .ARM.attributes
                0x0000000000000122       0x34 Core/Src/system_stm32f7xx.o
 .ARM.attributes
                0x0000000000000156       0x21 Core/Startup/startup_stm32f746bgtx.o
 .ARM.attributes
                0x0000000000000177       0x34 Drivers/STM32F7xx_HAL_Driver/Src/stm32f7xx_hal.o
 .ARM.attributes
                0x00000000000001ab       0x34 Drivers/STM32F7xx_HAL_Driver/Src/stm32f7xx_hal_cortex.o
 .ARM.attributes
                0x00000000000001df       0x34 Drivers/STM32F7xx_HAL_Driver/Src/stm32f7xx_hal_crc.o
 .ARM.attributes
                0x0000000000000213       0x34 Drivers/STM32F7xx_HAL_Driver/Src/stm32f7xx_hal_crc_ex.o
 .ARM.attributes
                0x0000000000000247       0x34 Drivers/STM32F7xx_HAL_Driver/Src/stm32f7xx_hal_dma.o
 .ARM.attributes
                0x000000000000027b       0x34 Drivers/STM32F7xx_HAL_Driver/Src/stm32f7xx_hal_dma2d.o
 .ARM.attributes
                0x00000000000002af       0x34 Drivers/STM32F7xx_HAL_Driver/Src/stm32f7xx_hal_gpio.o
 .ARM.attributes
                0x00000000000002e3       0x34 Drivers/STM32F7xx_HAL_Driver/Src/stm32f7xx_hal_i2c.o
 .ARM.attributes
                0x0000000000000317       0x34 Drivers/STM32F7xx_HAL_Driver/Src/stm32f7xx_hal_ltdc.o
 .ARM.attributes
                0x000000000000034b       0x34 Drivers/STM32F7xx_HAL_Driver/Src/stm32f7xx_hal_pwr_ex.o
 .ARM.attributes
                0x000000000000037f       0x34 Drivers/STM32F7xx_HAL_Driver/Src/stm32f7xx_hal_rcc.o
 .ARM.attributes
                0x00000000000003b3       0x34 Drivers/STM32F7xx_HAL_Driver/Src/stm32f7xx_hal_rcc_ex.o
 .ARM.attributes
                0x00000000000003e7       0x34 Drivers/STM32F7xx_HAL_Driver/Src/stm32f7xx_hal_sdram.o
 .ARM.attributes
                0x000000000000041b       0x34 Drivers/STM32F7xx_HAL_Driver/Src/stm32f7xx_ll_fmc.o
 .ARM.attributes
                0x000000000000044f       0x39 GUI files/font24.o
 .ARM.attributes
                0x0000000000000488       0x34 GUI files/ft5336.o
 .ARM.attributes
                0x00000000000004bc       0x34 GUI files/stm32746g_discovery.o
 .ARM.attributes
                0x00000000000004f0       0x34 GUI files/stm32746g_discovery_lcd.o
 .ARM.attributes
                0x0000000000000524       0x34 GUI files/stm32746g_discovery_sdram.o
 .ARM.attributes
                0x0000000000000558       0x34 GUI files/stm32746g_discovery_ts.o
 .ARM.attributes
                0x000000000000058c       0x34 c:/st/stm32cubeide_1.6.0/stm32cubeide/plugins/com.st.stm32cube.ide.mcu.externaltools.gnu-tools-for-stm32.9-2020-q2-update.win32_1.5.0.202011040924/tools/bin/../lib/gcc/arm-none-eabi/9.3.1/../../../../arm-none-eabi/lib/thumb/v7e-m+fp/hard\libc_nano.a(lib_a-errno.o)
 .ARM.attributes
                0x00000000000005c0       0x32 c:/st/stm32cubeide_1.6.0/stm32cubeide/plugins/com.st.stm32cube.ide.mcu.externaltools.gnu-tools-for-stm32.9-2020-q2-update.win32_1.5.0.202011040924/tools/bin/../lib/gcc/arm-none-eabi/9.3.1/../../../../arm-none-eabi/lib/thumb/v7e-m+fp/hard\libc_nano.a(lib_a-impure.o)
 .ARM.attributes
                0x00000000000005f2       0x34 c:/st/stm32cubeide_1.6.0/stm32cubeide/plugins/com.st.stm32cube.ide.mcu.externaltools.gnu-tools-for-stm32.9-2020-q2-update.win32_1.5.0.202011040924/tools/bin/../lib/gcc/arm-none-eabi/9.3.1/../../../../arm-none-eabi/lib/thumb/v7e-m+fp/hard\libc_nano.a(lib_a-init.o)
 .ARM.attributes
                0x0000000000000626       0x34 c:/st/stm32cubeide_1.6.0/stm32cubeide/plugins/com.st.stm32cube.ide.mcu.externaltools.gnu-tools-for-stm32.9-2020-q2-update.win32_1.5.0.202011040924/tools/bin/../lib/gcc/arm-none-eabi/9.3.1/../../../../arm-none-eabi/lib/thumb/v7e-m+fp/hard\libc_nano.a(lib_a-memset.o)
 .ARM.attributes
                0x000000000000065a       0x34 c:/st/stm32cubeide_1.6.0/stm32cubeide/plugins/com.st.stm32cube.ide.mcu.externaltools.gnu-tools-for-stm32.9-2020-q2-update.win32_1.5.0.202011040924/tools/bin/../lib/gcc/arm-none-eabi/9.3.1/../../../../arm-none-eabi/lib/thumb/v7e-m+fp/hard\libc_nano.a(lib_a-sprintf.o)
 .ARM.attributes
                0x000000000000068e       0x34 c:/st/stm32cubeide_1.6.0/stm32cubeide/plugins/com.st.stm32cube.ide.mcu.externaltools.gnu-tools-for-stm32.9-2020-q2-update.win32_1.5.0.202011040924/tools/bin/../lib/gcc/arm-none-eabi/9.3.1/../../../../arm-none-eabi/lib/thumb/v7e-m+fp/hard\libc_nano.a(lib_a-nano-svfprintf.o)
 .ARM.attributes
                0x00000000000006c2       0x34 c:/st/stm32cubeide_1.6.0/stm32cubeide/plugins/com.st.stm32cube.ide.mcu.externaltools.gnu-tools-for-stm32.9-2020-q2-update.win32_1.5.0.202011040924/tools/bin/../lib/gcc/arm-none-eabi/9.3.1/../../../../arm-none-eabi/lib/thumb/v7e-m+fp/hard\libc_nano.a(lib_a-nano-vfprintf_i.o)
 .ARM.attributes
                0x00000000000006f6       0x1c c:/st/stm32cubeide_1.6.0/stm32cubeide/plugins/com.st.stm32cube.ide.mcu.externaltools.gnu-tools-for-stm32.9-2020-q2-update.win32_1.5.0.202011040924/tools/bin/../lib/gcc/arm-none-eabi/9.3.1/../../../../arm-none-eabi/lib/thumb/v7e-m+fp/hard\libc_nano.a(lib_a-memchr.o)
 .ARM.attributes
                0x0000000000000712       0x34 c:/st/stm32cubeide_1.6.0/stm32cubeide/plugins/com.st.stm32cube.ide.mcu.externaltools.gnu-tools-for-stm32.9-2020-q2-update.win32_1.5.0.202011040924/tools/bin/../lib/gcc/arm-none-eabi/9.3.1/../../../../arm-none-eabi/lib/thumb/v7e-m+fp/hard\libc_nano.a(lib_a-memcpy-stub.o)
 .ARM.attributes
                0x0000000000000746       0x34 c:/st/stm32cubeide_1.6.0/stm32cubeide/plugins/com.st.stm32cube.ide.mcu.externaltools.gnu-tools-for-stm32.9-2020-q2-update.win32_1.5.0.202011040924/tools/bin/../lib/gcc/arm-none-eabi/9.3.1/../../../../arm-none-eabi/lib/thumb/v7e-m+fp/hard\libc_nano.a(lib_a-memmove.o)
 .ARM.attributes
                0x000000000000077a       0x34 c:/st/stm32cubeide_1.6.0/stm32cubeide/plugins/com.st.stm32cube.ide.mcu.externaltools.gnu-tools-for-stm32.9-2020-q2-update.win32_1.5.0.202011040924/tools/bin/../lib/gcc/arm-none-eabi/9.3.1/../../../../arm-none-eabi/lib/thumb/v7e-m+fp/hard\libc_nano.a(lib_a-nano-freer.o)
 .ARM.attributes
                0x00000000000007ae       0x34 c:/st/stm32cubeide_1.6.0/stm32cubeide/plugins/com.st.stm32cube.ide.mcu.externaltools.gnu-tools-for-stm32.9-2020-q2-update.win32_1.5.0.202011040924/tools/bin/../lib/gcc/arm-none-eabi/9.3.1/../../../../arm-none-eabi/lib/thumb/v7e-m+fp/hard\libc_nano.a(lib_a-nano-mallocr.o)
 .ARM.attributes
                0x00000000000007e2       0x34 c:/st/stm32cubeide_1.6.0/stm32cubeide/plugins/com.st.stm32cube.ide.mcu.externaltools.gnu-tools-for-stm32.9-2020-q2-update.win32_1.5.0.202011040924/tools/bin/../lib/gcc/arm-none-eabi/9.3.1/../../../../arm-none-eabi/lib/thumb/v7e-m+fp/hard\libc_nano.a(lib_a-nano-reallocr.o)
 .ARM.attributes
                0x0000000000000816       0x34 c:/st/stm32cubeide_1.6.0/stm32cubeide/plugins/com.st.stm32cube.ide.mcu.externaltools.gnu-tools-for-stm32.9-2020-q2-update.win32_1.5.0.202011040924/tools/bin/../lib/gcc/arm-none-eabi/9.3.1/../../../../arm-none-eabi/lib/thumb/v7e-m+fp/hard\libc_nano.a(lib_a-sbrkr.o)
 .ARM.attributes
                0x000000000000084a       0x34 c:/st/stm32cubeide_1.6.0/stm32cubeide/plugins/com.st.stm32cube.ide.mcu.externaltools.gnu-tools-for-stm32.9-2020-q2-update.win32_1.5.0.202011040924/tools/bin/../lib/gcc/arm-none-eabi/9.3.1/../../../../arm-none-eabi/lib/thumb/v7e-m+fp/hard\libc_nano.a(lib_a-mlock.o)
 .ARM.attributes
                0x000000000000087e       0x34 c:/st/stm32cubeide_1.6.0/stm32cubeide/plugins/com.st.stm32cube.ide.mcu.externaltools.gnu-tools-for-stm32.9-2020-q2-update.win32_1.5.0.202011040924/tools/bin/../lib/gcc/arm-none-eabi/9.3.1/../../../../arm-none-eabi/lib/thumb/v7e-m+fp/hard\libc_nano.a(lib_a-nano-msizer.o)
 .ARM.attributes
                0x00000000000008b2       0x34 c:/st/stm32cubeide_1.6.0/stm32cubeide/plugins/com.st.stm32cube.ide.mcu.externaltools.gnu-tools-for-stm32.9-2020-q2-update.win32_1.5.0.202011040924/tools/bin/../lib/gcc/arm-none-eabi/9.3.1/../../../../arm-none-eabi/lib/thumb/v7e-m+fp/hard\libc_nano.a(lib_a-reent.o)
 .ARM.attributes
                0x00000000000008e6       0x34 c:/st/stm32cubeide_1.6.0/stm32cubeide/plugins/com.st.stm32cube.ide.mcu.externaltools.gnu-tools-for-stm32.9-2020-q2-update.win32_1.5.0.202011040924/tools/bin/../lib/gcc/arm-none-eabi/9.3.1/../../../../arm-none-eabi/lib/thumb/v7e-m+fp/hard\libc_nano.a(lib_a-lock.o)
 .ARM.attributes
                0x000000000000091a       0x1e c:/st/stm32cubeide_1.6.0/stm32cubeide/plugins/com.st.stm32cube.ide.mcu.externaltools.gnu-tools-for-stm32.9-2020-q2-update.win32_1.5.0.202011040924/tools/bin/../lib/gcc/arm-none-eabi/9.3.1/thumb/v7e-m+fp/hard\libgcc.a(_aeabi_uldivmod.o)
 .ARM.attributes
                0x0000000000000938       0x34 c:/st/stm32cubeide_1.6.0/stm32cubeide/plugins/com.st.stm32cube.ide.mcu.externaltools.gnu-tools-for-stm32.9-2020-q2-update.win32_1.5.0.202011040924/tools/bin/../lib/gcc/arm-none-eabi/9.3.1/thumb/v7e-m+fp/hard\libgcc.a(_udivmoddi4.o)
 .ARM.attributes
                0x000000000000096c       0x1e c:/st/stm32cubeide_1.6.0/stm32cubeide/plugins/com.st.stm32cube.ide.mcu.externaltools.gnu-tools-for-stm32.9-2020-q2-update.win32_1.5.0.202011040924/tools/bin/../lib/gcc/arm-none-eabi/9.3.1/thumb/v7e-m+fp/hard\libgcc.a(_dvmd_tls.o)
 .ARM.attributes
                0x000000000000098a       0x1e c:/st/stm32cubeide_1.6.0/stm32cubeide/plugins/com.st.stm32cube.ide.mcu.externaltools.gnu-tools-for-stm32.9-2020-q2-update.win32_1.5.0.202011040924/tools/bin/../lib/gcc/arm-none-eabi/9.3.1/thumb/v7e-m+fp/hard/crtn.o
OUTPUT(LCD_F7_Video.elf elf32-littlearm)
LOAD linker stubs
LOAD c:/st/stm32cubeide_1.6.0/stm32cubeide/plugins/com.st.stm32cube.ide.mcu.externaltools.gnu-tools-for-stm32.9-2020-q2-update.win32_1.5.0.202011040924/tools/bin/../lib/gcc/arm-none-eabi/9.3.1/../../../../arm-none-eabi/lib/thumb/v7e-m+fp/hard\libc.a
LOAD c:/st/stm32cubeide_1.6.0/stm32cubeide/plugins/com.st.stm32cube.ide.mcu.externaltools.gnu-tools-for-stm32.9-2020-q2-update.win32_1.5.0.202011040924/tools/bin/../lib/gcc/arm-none-eabi/9.3.1/../../../../arm-none-eabi/lib/thumb/v7e-m+fp/hard\libm.a
LOAD c:/st/stm32cubeide_1.6.0/stm32cubeide/plugins/com.st.stm32cube.ide.mcu.externaltools.gnu-tools-for-stm32.9-2020-q2-update.win32_1.5.0.202011040924/tools/bin/../lib/gcc/arm-none-eabi/9.3.1/thumb/v7e-m+fp/hard\libgcc.a

.debug_info     0x0000000000000000    0x14cf7
 .debug_info    0x0000000000000000     0x1823 Core/Src/main.o
 .debug_info    0x0000000000001823      0xb2e Core/Src/stm32f7xx_hal_msp.o
 .debug_info    0x0000000000002351      0x403 Core/Src/stm32f7xx_it.o
 .debug_info    0x0000000000002754      0xa25 Core/Src/sysmem.o
 .debug_info    0x0000000000003179      0x7ad Core/Src/system_stm32f7xx.o
 .debug_info    0x0000000000003926       0x22 Core/Startup/startup_stm32f746bgtx.o
 .debug_info    0x0000000000003948      0xa42 Drivers/STM32F7xx_HAL_Driver/Src/stm32f7xx_hal.o
 .debug_info    0x000000000000438a     0x1116 Drivers/STM32F7xx_HAL_Driver/Src/stm32f7xx_hal_cortex.o
 .debug_info    0x00000000000054a0      0x630 Drivers/STM32F7xx_HAL_Driver/Src/stm32f7xx_hal_crc.o
 .debug_info    0x0000000000005ad0      0x463 Drivers/STM32F7xx_HAL_Driver/Src/stm32f7xx_hal_crc_ex.o
 .debug_info    0x0000000000005f33      0x9f1 Drivers/STM32F7xx_HAL_Driver/Src/stm32f7xx_hal_dma.o
 .debug_info    0x0000000000006924     0x1067 Drivers/STM32F7xx_HAL_Driver/Src/stm32f7xx_hal_dma2d.o
 .debug_info    0x000000000000798b      0x868 Drivers/STM32F7xx_HAL_Driver/Src/stm32f7xx_hal_gpio.o
 .debug_info    0x00000000000081f3     0x221e Drivers/STM32F7xx_HAL_Driver/Src/stm32f7xx_hal_i2c.o
 .debug_info    0x000000000000a411     0x11fe Drivers/STM32F7xx_HAL_Driver/Src/stm32f7xx_hal_ltdc.o
 .debug_info    0x000000000000b60f      0x9f6 Drivers/STM32F7xx_HAL_Driver/Src/stm32f7xx_hal_pwr_ex.o
 .debug_info    0x000000000000c005      0x9cc Drivers/STM32F7xx_HAL_Driver/Src/stm32f7xx_hal_rcc.o
 .debug_info    0x000000000000c9d1      0x82c Drivers/STM32F7xx_HAL_Driver/Src/stm32f7xx_hal_rcc_ex.o
 .debug_info    0x000000000000d1fd      0xd59 Drivers/STM32F7xx_HAL_Driver/Src/stm32f7xx_hal_sdram.o
 .debug_info    0x000000000000df56      0xd96 Drivers/STM32F7xx_HAL_Driver/Src/stm32f7xx_ll_fmc.o
 .debug_info    0x000000000000ecec      0x157 GUI files/font24.o
 .debug_info    0x000000000000ee43      0x5dc GUI files/ft5336.o
 .debug_info    0x000000000000f41f     0x1b2f GUI files/stm32746g_discovery.o
 .debug_info    0x0000000000010f4e     0x237f GUI files/stm32746g_discovery_lcd.o
 .debug_info    0x00000000000132cd      0xfe8 GUI files/stm32746g_discovery_sdram.o
 .debug_info    0x00000000000142b5      0xa42 GUI files/stm32746g_discovery_ts.o

.debug_abbrev   0x0000000000000000     0x3342
 .debug_abbrev  0x0000000000000000      0x2c7 Core/Src/main.o
 .debug_abbrev  0x00000000000002c7      0x1bf Core/Src/stm32f7xx_hal_msp.o
 .debug_abbrev  0x0000000000000486      0x127 Core/Src/stm32f7xx_it.o
 .debug_abbrev  0x00000000000005ad      0x1bf Core/Src/sysmem.o
 .debug_abbrev  0x000000000000076c      0x165 Core/Src/system_stm32f7xx.o
 .debug_abbrev  0x00000000000008d1       0x12 Core/Startup/startup_stm32f746bgtx.o
 .debug_abbrev  0x00000000000008e3      0x1ed Drivers/STM32F7xx_HAL_Driver/Src/stm32f7xx_hal.o
 .debug_abbrev  0x0000000000000ad0      0x33c Drivers/STM32F7xx_HAL_Driver/Src/stm32f7xx_hal_cortex.o
 .debug_abbrev  0x0000000000000e0c      0x1f9 Drivers/STM32F7xx_HAL_Driver/Src/stm32f7xx_hal_crc.o
 .debug_abbrev  0x0000000000001005      0x185 Drivers/STM32F7xx_HAL_Driver/Src/stm32f7xx_hal_crc_ex.o
 .debug_abbrev  0x000000000000118a      0x259 Drivers/STM32F7xx_HAL_Driver/Src/stm32f7xx_hal_dma.o
 .debug_abbrev  0x00000000000013e3      0x23f Drivers/STM32F7xx_HAL_Driver/Src/stm32f7xx_hal_dma2d.o
 .debug_abbrev  0x0000000000001622      0x1f1 Drivers/STM32F7xx_HAL_Driver/Src/stm32f7xx_hal_gpio.o
 .debug_abbrev  0x0000000000001813      0x256 Drivers/STM32F7xx_HAL_Driver/Src/stm32f7xx_hal_i2c.o
 .debug_abbrev  0x0000000000001a69      0x260 Drivers/STM32F7xx_HAL_Driver/Src/stm32f7xx_hal_ltdc.o
 .debug_abbrev  0x0000000000001cc9      0x1dc Drivers/STM32F7xx_HAL_Driver/Src/stm32f7xx_hal_pwr_ex.o
 .debug_abbrev  0x0000000000001ea5      0x246 Drivers/STM32F7xx_HAL_Driver/Src/stm32f7xx_hal_rcc.o
 .debug_abbrev  0x00000000000020eb      0x1d1 Drivers/STM32F7xx_HAL_Driver/Src/stm32f7xx_hal_rcc_ex.o
 .debug_abbrev  0x00000000000022bc      0x221 Drivers/STM32F7xx_HAL_Driver/Src/stm32f7xx_hal_sdram.o
 .debug_abbrev  0x00000000000024dd      0x18e Drivers/STM32F7xx_HAL_Driver/Src/stm32f7xx_ll_fmc.o
 .debug_abbrev  0x000000000000266b       0xb1 GUI files/font24.o
 .debug_abbrev  0x000000000000271c      0x212 GUI files/ft5336.o
 .debug_abbrev  0x000000000000292e      0x2bd GUI files/stm32746g_discovery.o
 .debug_abbrev  0x0000000000002beb      0x2ba GUI files/stm32746g_discovery_lcd.o
 .debug_abbrev  0x0000000000002ea5      0x244 GUI files/stm32746g_discovery_sdram.o
 .debug_abbrev  0x00000000000030e9      0x259 GUI files/stm32746g_discovery_ts.o

.debug_aranges  0x0000000000000000     0x1158
 .debug_aranges
                0x0000000000000000       0x60 Core/Src/main.o
 .debug_aranges
                0x0000000000000060       0x40 Core/Src/stm32f7xx_hal_msp.o
 .debug_aranges
                0x00000000000000a0       0x60 Core/Src/stm32f7xx_it.o
 .debug_aranges
                0x0000000000000100       0x20 Core/Src/sysmem.o
 .debug_aranges
                0x0000000000000120       0x28 Core/Src/system_stm32f7xx.o
 .debug_aranges
                0x0000000000000148       0x28 Core/Startup/startup_stm32f746bgtx.o
 .debug_aranges
                0x0000000000000170      0x100 Drivers/STM32F7xx_HAL_Driver/Src/stm32f7xx_hal.o
 .debug_aranges
                0x0000000000000270      0x118 Drivers/STM32F7xx_HAL_Driver/Src/stm32f7xx_hal_cortex.o
 .debug_aranges
                0x0000000000000388       0x60 Drivers/STM32F7xx_HAL_Driver/Src/stm32f7xx_hal_crc.o
 .debug_aranges
                0x00000000000003e8       0x30 Drivers/STM32F7xx_HAL_Driver/Src/stm32f7xx_hal_crc_ex.o
 .debug_aranges
                0x0000000000000418       0x90 Drivers/STM32F7xx_HAL_Driver/Src/stm32f7xx_hal_dma.o
 .debug_aranges
                0x00000000000004a8      0x118 Drivers/STM32F7xx_HAL_Driver/Src/stm32f7xx_hal_dma2d.o
 .debug_aranges
                0x00000000000005c0       0x58 Drivers/STM32F7xx_HAL_Driver/Src/stm32f7xx_hal_gpio.o
 .debug_aranges
                0x0000000000000618      0x290 Drivers/STM32F7xx_HAL_Driver/Src/stm32f7xx_hal_i2c.o
 .debug_aranges
                0x00000000000008a8      0x158 Drivers/STM32F7xx_HAL_Driver/Src/stm32f7xx_hal_ltdc.o
 .debug_aranges
                0x0000000000000a00       0x80 Drivers/STM32F7xx_HAL_Driver/Src/stm32f7xx_hal_pwr_ex.o
 .debug_aranges
                0x0000000000000a80       0x88 Drivers/STM32F7xx_HAL_Driver/Src/stm32f7xx_hal_rcc.o
 .debug_aranges
                0x0000000000000b08       0x50 Drivers/STM32F7xx_HAL_Driver/Src/stm32f7xx_hal_rcc_ex.o
 .debug_aranges
                0x0000000000000b58       0xd0 Drivers/STM32F7xx_HAL_Driver/Src/stm32f7xx_hal_sdram.o
 .debug_aranges
                0x0000000000000c28       0xc8 Drivers/STM32F7xx_HAL_Driver/Src/stm32f7xx_ll_fmc.o
 .debug_aranges
                0x0000000000000cf0       0x18 GUI files/font24.o
 .debug_aranges
                0x0000000000000d08       0x90 GUI files/ft5336.o
 .debug_aranges
                0x0000000000000d98      0x128 GUI files/stm32746g_discovery.o
 .debug_aranges
                0x0000000000000ec0      0x1d8 GUI files/stm32746g_discovery_lcd.o
 .debug_aranges
                0x0000000000001098       0x68 GUI files/stm32746g_discovery_sdram.o
 .debug_aranges
                0x0000000000001100       0x58 GUI files/stm32746g_discovery_ts.o

.debug_ranges   0x0000000000000000      0xfb8
 .debug_ranges  0x0000000000000000       0x50 Core/Src/main.o
 .debug_ranges  0x0000000000000050       0x30 Core/Src/stm32f7xx_hal_msp.o
 .debug_ranges  0x0000000000000080       0x50 Core/Src/stm32f7xx_it.o
 .debug_ranges  0x00000000000000d0       0x10 Core/Src/sysmem.o
 .debug_ranges  0x00000000000000e0       0x18 Core/Src/system_stm32f7xx.o
 .debug_ranges  0x00000000000000f8       0x20 Core/Startup/startup_stm32f746bgtx.o
 .debug_ranges  0x0000000000000118       0xf0 Drivers/STM32F7xx_HAL_Driver/Src/stm32f7xx_hal.o
 .debug_ranges  0x0000000000000208      0x108 Drivers/STM32F7xx_HAL_Driver/Src/stm32f7xx_hal_cortex.o
 .debug_ranges  0x0000000000000310       0x50 Drivers/STM32F7xx_HAL_Driver/Src/stm32f7xx_hal_crc.o
 .debug_ranges  0x0000000000000360       0x20 Drivers/STM32F7xx_HAL_Driver/Src/stm32f7xx_hal_crc_ex.o
 .debug_ranges  0x0000000000000380       0x80 Drivers/STM32F7xx_HAL_Driver/Src/stm32f7xx_hal_dma.o
 .debug_ranges  0x0000000000000400      0x108 Drivers/STM32F7xx_HAL_Driver/Src/stm32f7xx_hal_dma2d.o
 .debug_ranges  0x0000000000000508       0x48 Drivers/STM32F7xx_HAL_Driver/Src/stm32f7xx_hal_gpio.o
 .debug_ranges  0x0000000000000550      0x280 Drivers/STM32F7xx_HAL_Driver/Src/stm32f7xx_hal_i2c.o
 .debug_ranges  0x00000000000007d0      0x148 Drivers/STM32F7xx_HAL_Driver/Src/stm32f7xx_hal_ltdc.o
 .debug_ranges  0x0000000000000918       0x70 Drivers/STM32F7xx_HAL_Driver/Src/stm32f7xx_hal_pwr_ex.o
 .debug_ranges  0x0000000000000988       0x78 Drivers/STM32F7xx_HAL_Driver/Src/stm32f7xx_hal_rcc.o
 .debug_ranges  0x0000000000000a00       0x40 Drivers/STM32F7xx_HAL_Driver/Src/stm32f7xx_hal_rcc_ex.o
 .debug_ranges  0x0000000000000a40       0xc0 Drivers/STM32F7xx_HAL_Driver/Src/stm32f7xx_hal_sdram.o
 .debug_ranges  0x0000000000000b00       0xb8 Drivers/STM32F7xx_HAL_Driver/Src/stm32f7xx_ll_fmc.o
 .debug_ranges  0x0000000000000bb8       0x80 GUI files/ft5336.o
 .debug_ranges  0x0000000000000c38      0x118 GUI files/stm32746g_discovery.o
 .debug_ranges  0x0000000000000d50      0x1c8 GUI files/stm32746g_discovery_lcd.o
 .debug_ranges  0x0000000000000f18       0x58 GUI files/stm32746g_discovery_sdram.o
 .debug_ranges  0x0000000000000f70       0x48 GUI files/stm32746g_discovery_ts.o

.debug_macro    0x0000000000000000    0x27680
 .debug_macro   0x0000000000000000      0x286 Core/Src/main.o
 .debug_macro   0x0000000000000286      0xaa8 Core/Src/main.o
 .debug_macro   0x0000000000000d2e      0x2a5 Core/Src/main.o
 .debug_macro   0x0000000000000fd3       0x2e Core/Src/main.o
 .debug_macro   0x0000000000001001       0x3b Core/Src/main.o
 .debug_macro   0x000000000000103c       0x22 Core/Src/main.o
 .debug_macro   0x000000000000105e       0x8e Core/Src/main.o
 .debug_macro   0x00000000000010ec       0x51 Core/Src/main.o
 .debug_macro   0x000000000000113d      0x103 Core/Src/main.o
 .debug_macro   0x0000000000001240       0x6a Core/Src/main.o
 .debug_macro   0x00000000000012aa      0x1df Core/Src/main.o
 .debug_macro   0x0000000000001489       0x1c Core/Src/main.o
 .debug_macro   0x00000000000014a5       0x22 Core/Src/main.o
 .debug_macro   0x00000000000014c7       0xdf Core/Src/main.o
 .debug_macro   0x00000000000015a6     0x12cd Core/Src/main.o
 .debug_macro   0x0000000000002873      0x11f Core/Src/main.o
 .debug_macro   0x0000000000002992       0x19 Core/Src/main.o
 .debug_macro   0x00000000000029ab    0x191cb Core/Src/main.o
 .debug_macro   0x000000000001bb76       0x43 Core/Src/main.o
 .debug_macro   0x000000000001bbb9     0x36c9 Core/Src/main.o
 .debug_macro   0x000000000001f282      0x174 Core/Src/main.o
 .debug_macro   0x000000000001f3f6       0x63 Core/Src/main.o
 .debug_macro   0x000000000001f459     0x18ad Core/Src/main.o
 .debug_macro   0x0000000000020d06      0x6c4 Core/Src/main.o
 .debug_macro   0x00000000000213ca      0x185 Core/Src/main.o
 .debug_macro   0x000000000002154f      0x117 Core/Src/main.o
 .debug_macro   0x0000000000021666      0x1fe Core/Src/main.o
 .debug_macro   0x0000000000021864       0x27 Core/Src/main.o
 .debug_macro   0x000000000002188b      0x24f Core/Src/main.o
 .debug_macro   0x0000000000021ada       0x41 Core/Src/main.o
 .debug_macro   0x0000000000021b1b       0x58 Core/Src/main.o
 .debug_macro   0x0000000000021b73      0x236 Core/Src/main.o
 .debug_macro   0x0000000000021da9       0xd5 Core/Src/main.o
 .debug_macro   0x0000000000021e7e       0x4c Core/Src/main.o
 .debug_macro   0x0000000000021eca      0x20f Core/Src/main.o
 .debug_macro   0x00000000000220d9      0x14f Core/Src/main.o
 .debug_macro   0x0000000000022228      0x25b Core/Src/main.o
 .debug_macro   0x0000000000022483       0x12 Core/Src/main.o
 .debug_macro   0x0000000000022495      0x516 Core/Src/main.o
 .debug_macro   0x00000000000229ab      0x22c Core/Src/main.o
 .debug_macro   0x0000000000022bd7       0x61 Core/Src/main.o
 .debug_macro   0x0000000000022c38       0xa5 Core/Src/main.o
 .debug_macro   0x0000000000022cdd      0x255 Core/Src/main.o
 .debug_macro   0x0000000000022f32      0x12f Core/Src/main.o
 .debug_macro   0x0000000000023061      0x108 Core/Src/main.o
 .debug_macro   0x0000000000023169       0x35 Core/Src/main.o
 .debug_macro   0x000000000002319e      0x4e8 Core/Src/main.o
 .debug_macro   0x0000000000023686       0x47 Core/Src/main.o
 .debug_macro   0x00000000000236cd      0x14e Core/Src/main.o
 .debug_macro   0x000000000002381b      0x268 Core/Src/main.o
 .debug_macro   0x0000000000023a83       0xa0 Core/Src/main.o
 .debug_macro   0x0000000000023b23       0x10 Core/Src/main.o
 .debug_macro   0x0000000000023b33      0x39e Core/Src/main.o
 .debug_macro   0x0000000000023ed1       0x2e Core/Src/main.o
 .debug_macro   0x0000000000023eff       0x40 Core/Src/main.o
 .debug_macro   0x0000000000023f3f       0x10 Core/Src/main.o
 .debug_macro   0x0000000000023f4f      0x12b Core/Src/main.o
 .debug_macro   0x000000000002407a       0x10 Core/Src/main.o
 .debug_macro   0x000000000002408a      0x286 Core/Src/stm32f7xx_hal_msp.o
 .debug_macro   0x0000000000024310      0x290 Core/Src/stm32f7xx_it.o
 .debug_macro   0x00000000000245a0       0xff Core/Src/sysmem.o
 .debug_macro   0x000000000002469f      0x23b Core/Src/sysmem.o
 .debug_macro   0x00000000000248da      0x215 Core/Src/system_stm32f7xx.o
 .debug_macro   0x0000000000024aef      0x239 Drivers/STM32F7xx_HAL_Driver/Src/stm32f7xx_hal.o
 .debug_macro   0x0000000000024d28      0x215 Drivers/STM32F7xx_HAL_Driver/Src/stm32f7xx_hal_cortex.o
 .debug_macro   0x0000000000024f3d      0x215 Drivers/STM32F7xx_HAL_Driver/Src/stm32f7xx_hal_crc.o
 .debug_macro   0x0000000000025152      0x215 Drivers/STM32F7xx_HAL_Driver/Src/stm32f7xx_hal_crc_ex.o
 .debug_macro   0x0000000000025367      0x21b Drivers/STM32F7xx_HAL_Driver/Src/stm32f7xx_hal_dma.o
 .debug_macro   0x0000000000025582      0x224 Drivers/STM32F7xx_HAL_Driver/Src/stm32f7xx_hal_dma2d.o
 .debug_macro   0x00000000000257a6      0x24b Drivers/STM32F7xx_HAL_Driver/Src/stm32f7xx_hal_gpio.o
 .debug_macro   0x00000000000259f1      0x2da Drivers/STM32F7xx_HAL_Driver/Src/stm32f7xx_hal_i2c.o
 .debug_macro   0x0000000000025ccb      0x215 Drivers/STM32F7xx_HAL_Driver/Src/stm32f7xx_hal_ltdc.o
 .debug_macro   0x0000000000025ee0      0x22d Drivers/STM32F7xx_HAL_Driver/Src/stm32f7xx_hal_pwr_ex.o
 .debug_macro   0x000000000002610d      0x239 Drivers/STM32F7xx_HAL_Driver/Src/stm32f7xx_hal_rcc.o
 .debug_macro   0x0000000000026346      0x215 Drivers/STM32F7xx_HAL_Driver/Src/stm32f7xx_hal_rcc_ex.o
 .debug_macro   0x000000000002655b      0x215 Drivers/STM32F7xx_HAL_Driver/Src/stm32f7xx_hal_sdram.o
 .debug_macro   0x0000000000026770      0x215 Drivers/STM32F7xx_HAL_Driver/Src/stm32f7xx_ll_fmc.o
 .debug_macro   0x0000000000026985       0x73 GUI files/font24.o
 .debug_macro   0x00000000000269f8       0x7b GUI files/ft5336.o
 .debug_macro   0x0000000000026a73      0x242 GUI files/stm32746g_discovery.o
 .debug_macro   0x0000000000026cb5      0x262 GUI files/stm32746g_discovery.o
 .debug_macro   0x0000000000026f17      0x260 GUI files/stm32746g_discovery_lcd.o
 .debug_macro   0x0000000000027177       0x9a GUI files/stm32746g_discovery_lcd.o
 .debug_macro   0x0000000000027211      0x224 GUI files/stm32746g_discovery_sdram.o
 .debug_macro   0x0000000000027435      0x24b GUI files/stm32746g_discovery_ts.o

.debug_line     0x0000000000000000    0x14c03
 .debug_line    0x0000000000000000      0xa99 Core/Src/main.o
 .debug_line    0x0000000000000a99      0x86f Core/Src/stm32f7xx_hal_msp.o
 .debug_line    0x0000000000001308      0x8c1 Core/Src/stm32f7xx_it.o
 .debug_line    0x0000000000001bc9      0x4f8 Core/Src/sysmem.o
 .debug_line    0x00000000000020c1      0x7d1 Core/Src/system_stm32f7xx.o
 .debug_line    0x0000000000002892       0x88 Core/Startup/startup_stm32f746bgtx.o
 .debug_line    0x000000000000291a      0xa62 Drivers/STM32F7xx_HAL_Driver/Src/stm32f7xx_hal.o
 .debug_line    0x000000000000337c      0xce8 Drivers/STM32F7xx_HAL_Driver/Src/stm32f7xx_hal_cortex.o
 .debug_line    0x0000000000004064      0xa92 Drivers/STM32F7xx_HAL_Driver/Src/stm32f7xx_hal_crc.o
 .debug_line    0x0000000000004af6      0x804 Drivers/STM32F7xx_HAL_Driver/Src/stm32f7xx_hal_crc_ex.o
 .debug_line    0x00000000000052fa      0xfb6 Drivers/STM32F7xx_HAL_Driver/Src/stm32f7xx_hal_dma.o
 .debug_line    0x00000000000062b0     0x11ee Drivers/STM32F7xx_HAL_Driver/Src/stm32f7xx_hal_dma2d.o
 .debug_line    0x000000000000749e      0xbe4 Drivers/STM32F7xx_HAL_Driver/Src/stm32f7xx_hal_gpio.o
 .debug_line    0x0000000000008082     0x3340 Drivers/STM32F7xx_HAL_Driver/Src/stm32f7xx_hal_i2c.o
 .debug_line    0x000000000000b3c2     0x174c Drivers/STM32F7xx_HAL_Driver/Src/stm32f7xx_hal_ltdc.o
 .debug_line    0x000000000000cb0e      0x9d7 Drivers/STM32F7xx_HAL_Driver/Src/stm32f7xx_hal_pwr_ex.o
 .debug_line    0x000000000000d4e5      0xea5 Drivers/STM32F7xx_HAL_Driver/Src/stm32f7xx_hal_rcc.o
 .debug_line    0x000000000000e38a      0xe5e Drivers/STM32F7xx_HAL_Driver/Src/stm32f7xx_hal_rcc_ex.o
 .debug_line    0x000000000000f1e8      0xc9d Drivers/STM32F7xx_HAL_Driver/Src/stm32f7xx_hal_sdram.o
 .debug_line    0x000000000000fe85      0xd2b Drivers/STM32F7xx_HAL_Driver/Src/stm32f7xx_ll_fmc.o
 .debug_line    0x0000000000010bb0      0x380 GUI files/font24.o
 .debug_line    0x0000000000010f30      0x67e GUI files/ft5336.o
 .debug_line    0x00000000000115ae      0xc13 GUI files/stm32746g_discovery.o
 .debug_line    0x00000000000121c1     0x1695 GUI files/stm32746g_discovery_lcd.o
 .debug_line    0x0000000000013856      0x91a GUI files/stm32746g_discovery_sdram.o
 .debug_line    0x0000000000014170      0xa93 GUI files/stm32746g_discovery_ts.o

.debug_str      0x0000000000000000    0xf0264
 .debug_str     0x0000000000000000    0xe8cbc Core/Src/main.o
                                      0xe9493 (size before relaxing)
 .debug_str     0x00000000000e8cbc       0x74 Core/Src/stm32f7xx_hal_msp.o
                                      0xe8d8f (size before relaxing)
 .debug_str     0x00000000000e8d30       0xbd Core/Src/stm32f7xx_it.o
                                      0xe893c (size before relaxing)
 .debug_str     0x00000000000e8ded     0x221f Core/Src/sysmem.o
                                       0x6299 (size before relaxing)
 .debug_str     0x00000000000eb00c       0x5b Core/Src/system_stm32f7xx.o
                                      0xe5676 (size before relaxing)
 .debug_str     0x00000000000eb067       0x36 Core/Startup/startup_stm32f746bgtx.o
                                         0x68 (size before relaxing)
 .debug_str     0x00000000000eb09d      0x8b9 Drivers/STM32F7xx_HAL_Driver/Src/stm32f7xx_hal.o
                                      0xe5f3d (size before relaxing)
 .debug_str     0x00000000000eb956      0x37c Drivers/STM32F7xx_HAL_Driver/Src/stm32f7xx_hal_cortex.o
                                      0xe5fe4 (size before relaxing)
 .debug_str     0x00000000000ebcd2       0xc5 Drivers/STM32F7xx_HAL_Driver/Src/stm32f7xx_hal_crc.o
                                      0xe56c4 (size before relaxing)
 .debug_str     0x00000000000ebd97       0x82 Drivers/STM32F7xx_HAL_Driver/Src/stm32f7xx_hal_crc_ex.o
                                      0xe5697 (size before relaxing)
 .debug_str     0x00000000000ebe19      0x4dc Drivers/STM32F7xx_HAL_Driver/Src/stm32f7xx_hal_dma.o
                                      0xe59c5 (size before relaxing)
 .debug_str     0x00000000000ec2f5      0x3b0 Drivers/STM32F7xx_HAL_Driver/Src/stm32f7xx_hal_dma2d.o
                                      0xe5ba9 (size before relaxing)
 .debug_str     0x00000000000ec6a5      0x244 Drivers/STM32F7xx_HAL_Driver/Src/stm32f7xx_hal_gpio.o
                                      0xe5861 (size before relaxing)
 .debug_str     0x00000000000ec8e9      0xfa1 Drivers/STM32F7xx_HAL_Driver/Src/stm32f7xx_hal_i2c.o
                                      0xe67cc (size before relaxing)
 .debug_str     0x00000000000ed88a      0x490 Drivers/STM32F7xx_HAL_Driver/Src/stm32f7xx_hal_ltdc.o
                                      0xe5beb (size before relaxing)
 .debug_str     0x00000000000edd1a      0x1d1 Drivers/STM32F7xx_HAL_Driver/Src/stm32f7xx_hal_pwr_ex.o
                                      0xe5905 (size before relaxing)
 .debug_str     0x00000000000edeeb      0x26d Drivers/STM32F7xx_HAL_Driver/Src/stm32f7xx_hal_rcc.o
                                      0xe59a6 (size before relaxing)
 .debug_str     0x00000000000ee158      0x392 Drivers/STM32F7xx_HAL_Driver/Src/stm32f7xx_hal_rcc_ex.o
                                      0xe5930 (size before relaxing)
 .debug_str     0x00000000000ee4ea      0x4ce Drivers/STM32F7xx_HAL_Driver/Src/stm32f7xx_hal_sdram.o
                                      0xe5b99 (size before relaxing)
 .debug_str     0x00000000000ee9b8      0x477 Drivers/STM32F7xx_HAL_Driver/Src/stm32f7xx_ll_fmc.o
                                      0xe5ae9 (size before relaxing)
 .debug_str     0x00000000000eee2f       0x23 GUI files/font24.o
                                       0x3d7f (size before relaxing)
 .debug_str     0x00000000000eee52      0x26c GUI files/ft5336.o
                                       0x53d5 (size before relaxing)
 .debug_str     0x00000000000ef0be      0x75c GUI files/stm32746g_discovery.o
                                      0xe799f (size before relaxing)
 .debug_str     0x00000000000ef81a      0x78d GUI files/stm32746g_discovery_lcd.o
                                      0xe83f4 (size before relaxing)
 .debug_str     0x00000000000effa7      0x153 GUI files/stm32746g_discovery_sdram.o
                                      0xe65e0 (size before relaxing)
 .debug_str     0x00000000000f00fa      0x16a GUI files/stm32746g_discovery_ts.o
                                      0xe8401 (size before relaxing)

.comment        0x0000000000000000       0x53
 .comment       0x0000000000000000       0x53 Core/Src/main.o
                                         0x54 (size before relaxing)
 .comment       0x0000000000000053       0x54 Core/Src/stm32f7xx_hal_msp.o
 .comment       0x0000000000000053       0x54 Core/Src/stm32f7xx_it.o
 .comment       0x0000000000000053       0x54 Core/Src/sysmem.o
 .comment       0x0000000000000053       0x54 Core/Src/system_stm32f7xx.o
 .comment       0x0000000000000053       0x54 Drivers/STM32F7xx_HAL_Driver/Src/stm32f7xx_hal.o
 .comment       0x0000000000000053       0x54 Drivers/STM32F7xx_HAL_Driver/Src/stm32f7xx_hal_cortex.o
 .comment       0x0000000000000053       0x54 Drivers/STM32F7xx_HAL_Driver/Src/stm32f7xx_hal_crc.o
 .comment       0x0000000000000053       0x54 Drivers/STM32F7xx_HAL_Driver/Src/stm32f7xx_hal_crc_ex.o
 .comment       0x0000000000000053       0x54 Drivers/STM32F7xx_HAL_Driver/Src/stm32f7xx_hal_dma.o
 .comment       0x0000000000000053       0x54 Drivers/STM32F7xx_HAL_Driver/Src/stm32f7xx_hal_dma2d.o
 .comment       0x0000000000000053       0x54 Drivers/STM32F7xx_HAL_Driver/Src/stm32f7xx_hal_gpio.o